Archive member included to satisfy reference by file (symbol)

C:/ST/STM32CubeCLT_1.17.0/GNU-tools-for-STM32/bin/../lib/gcc/arm-none-eabi/12.3.1/../../../../arm-none-eabi/lib/thumb/v6-m/nofp\libc.a(libc_a-exit.o)
                              C:/ST/STM32CubeCLT_1.17.0/GNU-tools-for-STM32/bin/../lib/gcc/arm-none-eabi/12.3.1/../../../../arm-none-eabi/lib/thumb/v6-m/nofp/crt0.o (exit)
C:/ST/STM32CubeCLT_1.17.0/GNU-tools-for-STM32/bin/../lib/gcc/arm-none-eabi/12.3.1/../../../../arm-none-eabi/lib/thumb/v6-m/nofp\libc.a(libc_a-findfp.o)
                              C:/ST/STM32CubeCLT_1.17.0/GNU-tools-for-STM32/bin/../lib/gcc/arm-none-eabi/12.3.1/../../../../arm-none-eabi/lib/thumb/v6-m/nofp\libc.a(libc_a-exit.o) (__stdio_exit_handler)
C:/ST/STM32CubeCLT_1.17.0/GNU-tools-for-STM32/bin/../lib/gcc/arm-none-eabi/12.3.1/../../../../arm-none-eabi/lib/thumb/v6-m/nofp\libc.a(libc_a-fwalk.o)
                              C:/ST/STM32CubeCLT_1.17.0/GNU-tools-for-STM32/bin/../lib/gcc/arm-none-eabi/12.3.1/../../../../arm-none-eabi/lib/thumb/v6-m/nofp\libc.a(libc_a-findfp.o) (_fwalk_sglue)
C:/ST/STM32CubeCLT_1.17.0/GNU-tools-for-STM32/bin/../lib/gcc/arm-none-eabi/12.3.1/../../../../arm-none-eabi/lib/thumb/v6-m/nofp\libc.a(libc_a-stdio.o)
                              C:/ST/STM32CubeCLT_1.17.0/GNU-tools-for-STM32/bin/../lib/gcc/arm-none-eabi/12.3.1/../../../../arm-none-eabi/lib/thumb/v6-m/nofp\libc.a(libc_a-findfp.o) (__sread)
C:/ST/STM32CubeCLT_1.17.0/GNU-tools-for-STM32/bin/../lib/gcc/arm-none-eabi/12.3.1/../../../../arm-none-eabi/lib/thumb/v6-m/nofp\libc.a(libc_a-memset.o)
                              C:/ST/STM32CubeCLT_1.17.0/GNU-tools-for-STM32/bin/../lib/gcc/arm-none-eabi/12.3.1/../../../../arm-none-eabi/lib/thumb/v6-m/nofp/crt0.o (memset)
C:/ST/STM32CubeCLT_1.17.0/GNU-tools-for-STM32/bin/../lib/gcc/arm-none-eabi/12.3.1/../../../../arm-none-eabi/lib/thumb/v6-m/nofp\libc.a(libc_a-closer.o)
                              C:/ST/STM32CubeCLT_1.17.0/GNU-tools-for-STM32/bin/../lib/gcc/arm-none-eabi/12.3.1/../../../../arm-none-eabi/lib/thumb/v6-m/nofp\libc.a(libc_a-stdio.o) (_close_r)
C:/ST/STM32CubeCLT_1.17.0/GNU-tools-for-STM32/bin/../lib/gcc/arm-none-eabi/12.3.1/../../../../arm-none-eabi/lib/thumb/v6-m/nofp\libc.a(libc_a-reent.o)
                              C:/ST/STM32CubeCLT_1.17.0/GNU-tools-for-STM32/bin/../lib/gcc/arm-none-eabi/12.3.1/../../../../arm-none-eabi/lib/thumb/v6-m/nofp\libc.a(libc_a-closer.o) (errno)
C:/ST/STM32CubeCLT_1.17.0/GNU-tools-for-STM32/bin/../lib/gcc/arm-none-eabi/12.3.1/../../../../arm-none-eabi/lib/thumb/v6-m/nofp\libc.a(libc_a-impure.o)
                              C:/ST/STM32CubeCLT_1.17.0/GNU-tools-for-STM32/bin/../lib/gcc/arm-none-eabi/12.3.1/../../../../arm-none-eabi/lib/thumb/v6-m/nofp\libc.a(libc_a-reent.o) (_impure_ptr)
C:/ST/STM32CubeCLT_1.17.0/GNU-tools-for-STM32/bin/../lib/gcc/arm-none-eabi/12.3.1/../../../../arm-none-eabi/lib/thumb/v6-m/nofp\libc.a(libc_a-lseekr.o)
                              C:/ST/STM32CubeCLT_1.17.0/GNU-tools-for-STM32/bin/../lib/gcc/arm-none-eabi/12.3.1/../../../../arm-none-eabi/lib/thumb/v6-m/nofp\libc.a(libc_a-stdio.o) (_lseek_r)
C:/ST/STM32CubeCLT_1.17.0/GNU-tools-for-STM32/bin/../lib/gcc/arm-none-eabi/12.3.1/../../../../arm-none-eabi/lib/thumb/v6-m/nofp\libc.a(libc_a-readr.o)
                              C:/ST/STM32CubeCLT_1.17.0/GNU-tools-for-STM32/bin/../lib/gcc/arm-none-eabi/12.3.1/../../../../arm-none-eabi/lib/thumb/v6-m/nofp\libc.a(libc_a-stdio.o) (_read_r)
C:/ST/STM32CubeCLT_1.17.0/GNU-tools-for-STM32/bin/../lib/gcc/arm-none-eabi/12.3.1/../../../../arm-none-eabi/lib/thumb/v6-m/nofp\libc.a(libc_a-writer.o)
                              C:/ST/STM32CubeCLT_1.17.0/GNU-tools-for-STM32/bin/../lib/gcc/arm-none-eabi/12.3.1/../../../../arm-none-eabi/lib/thumb/v6-m/nofp\libc.a(libc_a-stdio.o) (_write_r)
C:/ST/STM32CubeCLT_1.17.0/GNU-tools-for-STM32/bin/../lib/gcc/arm-none-eabi/12.3.1/../../../../arm-none-eabi/lib/thumb/v6-m/nofp\libc.a(libc_a-init.o)
                              C:/ST/STM32CubeCLT_1.17.0/GNU-tools-for-STM32/bin/../lib/gcc/arm-none-eabi/12.3.1/../../../../arm-none-eabi/lib/thumb/v6-m/nofp/crt0.o (__libc_init_array)
C:/ST/STM32CubeCLT_1.17.0/GNU-tools-for-STM32/bin/../lib/gcc/arm-none-eabi/12.3.1/../../../../arm-none-eabi/lib/thumb/v6-m/nofp\libc.a(libc_a-lock.o)
                              C:/ST/STM32CubeCLT_1.17.0/GNU-tools-for-STM32/bin/../lib/gcc/arm-none-eabi/12.3.1/../../../../arm-none-eabi/lib/thumb/v6-m/nofp\libc.a(libc_a-findfp.o) (__retarget_lock_init_recursive)
C:/ST/STM32CubeCLT_1.17.0/GNU-tools-for-STM32/bin/../lib/gcc/arm-none-eabi/12.3.1/../../../../arm-none-eabi/lib/thumb/v6-m/nofp\libc.a(libc_a-__call_atexit.o)
                              C:/ST/STM32CubeCLT_1.17.0/GNU-tools-for-STM32/bin/../lib/gcc/arm-none-eabi/12.3.1/../../../../arm-none-eabi/lib/thumb/v6-m/nofp\libc.a(libc_a-exit.o) (__call_exitprocs)
C:/ST/STM32CubeCLT_1.17.0/GNU-tools-for-STM32/bin/../lib/gcc/arm-none-eabi/12.3.1/../../../../arm-none-eabi/lib/thumb/v6-m/nofp\libc.a(libc_a-atexit.o)
                              C:/ST/STM32CubeCLT_1.17.0/GNU-tools-for-STM32/bin/../lib/gcc/arm-none-eabi/12.3.1/../../../../arm-none-eabi/lib/thumb/v6-m/nofp\libc.a(libc_a-__call_atexit.o) (atexit)
C:/ST/STM32CubeCLT_1.17.0/GNU-tools-for-STM32/bin/../lib/gcc/arm-none-eabi/12.3.1/../../../../arm-none-eabi/lib/thumb/v6-m/nofp\libc.a(libc_a-freer.o)
                              C:/ST/STM32CubeCLT_1.17.0/GNU-tools-for-STM32/bin/../lib/gcc/arm-none-eabi/12.3.1/../../../../arm-none-eabi/lib/thumb/v6-m/nofp\libc.a(libc_a-reent.o) (_free_r)
C:/ST/STM32CubeCLT_1.17.0/GNU-tools-for-STM32/bin/../lib/gcc/arm-none-eabi/12.3.1/../../../../arm-none-eabi/lib/thumb/v6-m/nofp\libc.a(libc_a-mallocr.o)
                              C:/ST/STM32CubeCLT_1.17.0/GNU-tools-for-STM32/bin/../lib/gcc/arm-none-eabi/12.3.1/../../../../arm-none-eabi/lib/thumb/v6-m/nofp\libc.a(libc_a-findfp.o) (_malloc_r)
C:/ST/STM32CubeCLT_1.17.0/GNU-tools-for-STM32/bin/../lib/gcc/arm-none-eabi/12.3.1/../../../../arm-none-eabi/lib/thumb/v6-m/nofp\libc.a(libc_a-mlock.o)
                              C:/ST/STM32CubeCLT_1.17.0/GNU-tools-for-STM32/bin/../lib/gcc/arm-none-eabi/12.3.1/../../../../arm-none-eabi/lib/thumb/v6-m/nofp\libc.a(libc_a-freer.o) (__malloc_lock)
C:/ST/STM32CubeCLT_1.17.0/GNU-tools-for-STM32/bin/../lib/gcc/arm-none-eabi/12.3.1/../../../../arm-none-eabi/lib/thumb/v6-m/nofp\libc.a(libc_a-fclose.o)
                              C:/ST/STM32CubeCLT_1.17.0/GNU-tools-for-STM32/bin/../lib/gcc/arm-none-eabi/12.3.1/../../../../arm-none-eabi/lib/thumb/v6-m/nofp\libc.a(libc_a-findfp.o) (_fclose_r)
C:/ST/STM32CubeCLT_1.17.0/GNU-tools-for-STM32/bin/../lib/gcc/arm-none-eabi/12.3.1/../../../../arm-none-eabi/lib/thumb/v6-m/nofp\libc.a(libc_a-fflush.o)
                              C:/ST/STM32CubeCLT_1.17.0/GNU-tools-for-STM32/bin/../lib/gcc/arm-none-eabi/12.3.1/../../../../arm-none-eabi/lib/thumb/v6-m/nofp\libc.a(libc_a-fclose.o) (__sflush_r)
C:/ST/STM32CubeCLT_1.17.0/GNU-tools-for-STM32/bin/../lib/gcc/arm-none-eabi/12.3.1/../../../../arm-none-eabi/lib/thumb/v6-m/nofp\libc.a(libc_a-sbrkr.o)
                              C:/ST/STM32CubeCLT_1.17.0/GNU-tools-for-STM32/bin/../lib/gcc/arm-none-eabi/12.3.1/../../../../arm-none-eabi/lib/thumb/v6-m/nofp\libc.a(libc_a-freer.o) (_sbrk_r)
C:/ST/STM32CubeCLT_1.17.0/GNU-tools-for-STM32/bin/../lib/gcc/arm-none-eabi/12.3.1/../../../../arm-none-eabi/lib/thumb/v6-m/nofp\libc.a(libc_a-fini.o)
                              C:/ST/STM32CubeCLT_1.17.0/GNU-tools-for-STM32/bin/../lib/gcc/arm-none-eabi/12.3.1/../../../../arm-none-eabi/lib/thumb/v6-m/nofp\libc.a(libc_a-__call_atexit.o) (__libc_fini_array)
C:/ST/STM32CubeCLT_1.17.0/GNU-tools-for-STM32/bin/../lib/gcc/arm-none-eabi/12.3.1/../../../../arm-none-eabi/lib/thumb/v6-m/nofp\libc.a(libc_a-sysconf.o)
                              C:/ST/STM32CubeCLT_1.17.0/GNU-tools-for-STM32/bin/../lib/gcc/arm-none-eabi/12.3.1/../../../../arm-none-eabi/lib/thumb/v6-m/nofp\libc.a(libc_a-freer.o) (sysconf)
C:/ST/STM32CubeCLT_1.17.0/GNU-tools-for-STM32/bin/../lib/gcc/arm-none-eabi/12.3.1/../../../../arm-none-eabi/lib/thumb/v6-m/nofp\libc.a(libc_a-__atexit.o)
                              C:/ST/STM32CubeCLT_1.17.0/GNU-tools-for-STM32/bin/../lib/gcc/arm-none-eabi/12.3.1/../../../../arm-none-eabi/lib/thumb/v6-m/nofp\libc.a(libc_a-atexit.o) (__register_exitproc)
C:/ST/STM32CubeCLT_1.17.0/GNU-tools-for-STM32/bin/../lib/gcc/arm-none-eabi/12.3.1/../../../../arm-none-eabi/lib/thumb/v6-m/nofp\libc.a(libc_a-errno.o)
                              C:/ST/STM32CubeCLT_1.17.0/GNU-tools-for-STM32/bin/../lib/gcc/arm-none-eabi/12.3.1/../../../../arm-none-eabi/lib/thumb/v6-m/nofp\libc.a(libc_a-sysconf.o) (__errno)
C:/ST/STM32CubeCLT_1.17.0/GNU-tools-for-STM32/bin/../lib/gcc/arm-none-eabi/12.3.1/thumb/v6-m/nofp\libgcc.a(_udivsi3.o)
                              C:/ST/STM32CubeCLT_1.17.0/GNU-tools-for-STM32/bin/../lib/gcc/arm-none-eabi/12.3.1/../../../../arm-none-eabi/lib/thumb/v6-m/nofp\libc.a(libc_a-freer.o) (__aeabi_uidiv)
C:/ST/STM32CubeCLT_1.17.0/GNU-tools-for-STM32/bin/../lib/gcc/arm-none-eabi/12.3.1/thumb/v6-m/nofp\libgcc.a(_dvmd_tls.o)
                              C:/ST/STM32CubeCLT_1.17.0/GNU-tools-for-STM32/bin/../lib/gcc/arm-none-eabi/12.3.1/thumb/v6-m/nofp\libgcc.a(_udivsi3.o) (__aeabi_idiv0)

Discarded input sections

 .text          0x00000000        0x0 C:/ST/STM32CubeCLT_1.17.0/GNU-tools-for-STM32/bin/../lib/gcc/arm-none-eabi/12.3.1/thumb/v6-m/nofp/crti.o
 .data          0x00000000        0x0 C:/ST/STM32CubeCLT_1.17.0/GNU-tools-for-STM32/bin/../lib/gcc/arm-none-eabi/12.3.1/thumb/v6-m/nofp/crti.o
 .bss           0x00000000        0x0 C:/ST/STM32CubeCLT_1.17.0/GNU-tools-for-STM32/bin/../lib/gcc/arm-none-eabi/12.3.1/thumb/v6-m/nofp/crti.o
 .data          0x00000000        0x4 C:/ST/STM32CubeCLT_1.17.0/GNU-tools-for-STM32/bin/../lib/gcc/arm-none-eabi/12.3.1/thumb/v6-m/nofp/crtbegin.o
 .rodata        0x00000000       0x24 C:/ST/STM32CubeCLT_1.17.0/GNU-tools-for-STM32/bin/../lib/gcc/arm-none-eabi/12.3.1/thumb/v6-m/nofp/crtbegin.o
 .text          0x00000000       0x80 C:/ST/STM32CubeCLT_1.17.0/GNU-tools-for-STM32/bin/../lib/gcc/arm-none-eabi/12.3.1/../../../../arm-none-eabi/lib/thumb/v6-m/nofp/crt0.o
 .data          0x00000000        0x0 C:/ST/STM32CubeCLT_1.17.0/GNU-tools-for-STM32/bin/../lib/gcc/arm-none-eabi/12.3.1/../../../../arm-none-eabi/lib/thumb/v6-m/nofp/crt0.o
 .bss           0x00000000        0x0 C:/ST/STM32CubeCLT_1.17.0/GNU-tools-for-STM32/bin/../lib/gcc/arm-none-eabi/12.3.1/../../../../arm-none-eabi/lib/thumb/v6-m/nofp/crt0.o
 .ARM.extab     0x00000000        0x0 C:/ST/STM32CubeCLT_1.17.0/GNU-tools-for-STM32/bin/../lib/gcc/arm-none-eabi/12.3.1/../../../../arm-none-eabi/lib/thumb/v6-m/nofp/crt0.o
 .ARM.exidx     0x00000000       0x10 C:/ST/STM32CubeCLT_1.17.0/GNU-tools-for-STM32/bin/../lib/gcc/arm-none-eabi/12.3.1/../../../../arm-none-eabi/lib/thumb/v6-m/nofp/crt0.o
 .ARM.attributes
                0x00000000       0x1b C:/ST/STM32CubeCLT_1.17.0/GNU-tools-for-STM32/bin/../lib/gcc/arm-none-eabi/12.3.1/../../../../arm-none-eabi/lib/thumb/v6-m/nofp/crt0.o
 .text          0x00000000        0x0 C:/ST/STM32CubeCLT_1.17.0/GNU-tools-for-STM32/bin/../lib/gcc/arm-none-eabi/12.3.1/../../../../arm-none-eabi/lib/thumb/v6-m/nofp\libc.a(libc_a-exit.o)
 .data          0x00000000        0x0 C:/ST/STM32CubeCLT_1.17.0/GNU-tools-for-STM32/bin/../lib/gcc/arm-none-eabi/12.3.1/../../../../arm-none-eabi/lib/thumb/v6-m/nofp\libc.a(libc_a-exit.o)
 .bss           0x00000000        0x0 C:/ST/STM32CubeCLT_1.17.0/GNU-tools-for-STM32/bin/../lib/gcc/arm-none-eabi/12.3.1/../../../../arm-none-eabi/lib/thumb/v6-m/nofp\libc.a(libc_a-exit.o)
 .text.exit     0x00000000       0x20 C:/ST/STM32CubeCLT_1.17.0/GNU-tools-for-STM32/bin/../lib/gcc/arm-none-eabi/12.3.1/../../../../arm-none-eabi/lib/thumb/v6-m/nofp\libc.a(libc_a-exit.o)
 .debug_frame   0x00000000       0x28 C:/ST/STM32CubeCLT_1.17.0/GNU-tools-for-STM32/bin/../lib/gcc/arm-none-eabi/12.3.1/../../../../arm-none-eabi/lib/thumb/v6-m/nofp\libc.a(libc_a-exit.o)
 .ARM.attributes
                0x00000000       0x2c C:/ST/STM32CubeCLT_1.17.0/GNU-tools-for-STM32/bin/../lib/gcc/arm-none-eabi/12.3.1/../../../../arm-none-eabi/lib/thumb/v6-m/nofp\libc.a(libc_a-exit.o)
 .text          0x00000000        0x0 C:/ST/STM32CubeCLT_1.17.0/GNU-tools-for-STM32/bin/../lib/gcc/arm-none-eabi/12.3.1/../../../../arm-none-eabi/lib/thumb/v6-m/nofp\libc.a(libc_a-findfp.o)
 .data          0x00000000        0x0 C:/ST/STM32CubeCLT_1.17.0/GNU-tools-for-STM32/bin/../lib/gcc/arm-none-eabi/12.3.1/../../../../arm-none-eabi/lib/thumb/v6-m/nofp\libc.a(libc_a-findfp.o)
 .bss           0x00000000        0x0 C:/ST/STM32CubeCLT_1.17.0/GNU-tools-for-STM32/bin/../lib/gcc/arm-none-eabi/12.3.1/../../../../arm-none-eabi/lib/thumb/v6-m/nofp\libc.a(libc_a-findfp.o)
 .text.std      0x00000000       0x6c C:/ST/STM32CubeCLT_1.17.0/GNU-tools-for-STM32/bin/../lib/gcc/arm-none-eabi/12.3.1/../../../../arm-none-eabi/lib/thumb/v6-m/nofp\libc.a(libc_a-findfp.o)
 .text.stdio_exit_handler
                0x00000000       0x1c C:/ST/STM32CubeCLT_1.17.0/GNU-tools-for-STM32/bin/../lib/gcc/arm-none-eabi/12.3.1/../../../../arm-none-eabi/lib/thumb/v6-m/nofp\libc.a(libc_a-findfp.o)
 .text.cleanup_stdio
                0x00000000       0x3c C:/ST/STM32CubeCLT_1.17.0/GNU-tools-for-STM32/bin/../lib/gcc/arm-none-eabi/12.3.1/../../../../arm-none-eabi/lib/thumb/v6-m/nofp\libc.a(libc_a-findfp.o)
 .text.__fp_lock
                0x00000000       0x18 C:/ST/STM32CubeCLT_1.17.0/GNU-tools-for-STM32/bin/../lib/gcc/arm-none-eabi/12.3.1/../../../../arm-none-eabi/lib/thumb/v6-m/nofp\libc.a(libc_a-findfp.o)
 .text.__fp_unlock
                0x00000000       0x18 C:/ST/STM32CubeCLT_1.17.0/GNU-tools-for-STM32/bin/../lib/gcc/arm-none-eabi/12.3.1/../../../../arm-none-eabi/lib/thumb/v6-m/nofp\libc.a(libc_a-findfp.o)
 .text.global_stdio_init.part.0
                0x00000000       0x3c C:/ST/STM32CubeCLT_1.17.0/GNU-tools-for-STM32/bin/../lib/gcc/arm-none-eabi/12.3.1/../../../../arm-none-eabi/lib/thumb/v6-m/nofp\libc.a(libc_a-findfp.o)
 .text.__sfp_lock_acquire
                0x00000000       0x10 C:/ST/STM32CubeCLT_1.17.0/GNU-tools-for-STM32/bin/../lib/gcc/arm-none-eabi/12.3.1/../../../../arm-none-eabi/lib/thumb/v6-m/nofp\libc.a(libc_a-findfp.o)
 .text.__sfp_lock_release
                0x00000000       0x10 C:/ST/STM32CubeCLT_1.17.0/GNU-tools-for-STM32/bin/../lib/gcc/arm-none-eabi/12.3.1/../../../../arm-none-eabi/lib/thumb/v6-m/nofp\libc.a(libc_a-findfp.o)
 .text.__sfp    0x00000000       0xa8 C:/ST/STM32CubeCLT_1.17.0/GNU-tools-for-STM32/bin/../lib/gcc/arm-none-eabi/12.3.1/../../../../arm-none-eabi/lib/thumb/v6-m/nofp\libc.a(libc_a-findfp.o)
 .text.__sinit  0x00000000       0x30 C:/ST/STM32CubeCLT_1.17.0/GNU-tools-for-STM32/bin/../lib/gcc/arm-none-eabi/12.3.1/../../../../arm-none-eabi/lib/thumb/v6-m/nofp\libc.a(libc_a-findfp.o)
 .text.__fp_lock_all
                0x00000000       0x1c C:/ST/STM32CubeCLT_1.17.0/GNU-tools-for-STM32/bin/../lib/gcc/arm-none-eabi/12.3.1/../../../../arm-none-eabi/lib/thumb/v6-m/nofp\libc.a(libc_a-findfp.o)
 .text.__fp_unlock_all
                0x00000000       0x1c C:/ST/STM32CubeCLT_1.17.0/GNU-tools-for-STM32/bin/../lib/gcc/arm-none-eabi/12.3.1/../../../../arm-none-eabi/lib/thumb/v6-m/nofp\libc.a(libc_a-findfp.o)
 .data.__sglue  0x00000000        0xc C:/ST/STM32CubeCLT_1.17.0/GNU-tools-for-STM32/bin/../lib/gcc/arm-none-eabi/12.3.1/../../../../arm-none-eabi/lib/thumb/v6-m/nofp\libc.a(libc_a-findfp.o)
 .bss.__sf      0x00000000      0x138 C:/ST/STM32CubeCLT_1.17.0/GNU-tools-for-STM32/bin/../lib/gcc/arm-none-eabi/12.3.1/../../../../arm-none-eabi/lib/thumb/v6-m/nofp\libc.a(libc_a-findfp.o)
 .bss.__stdio_exit_handler
                0x00000000        0x4 C:/ST/STM32CubeCLT_1.17.0/GNU-tools-for-STM32/bin/../lib/gcc/arm-none-eabi/12.3.1/../../../../arm-none-eabi/lib/thumb/v6-m/nofp\libc.a(libc_a-findfp.o)
 .debug_frame   0x00000000      0x138 C:/ST/STM32CubeCLT_1.17.0/GNU-tools-for-STM32/bin/../lib/gcc/arm-none-eabi/12.3.1/../../../../arm-none-eabi/lib/thumb/v6-m/nofp\libc.a(libc_a-findfp.o)
 .ARM.attributes
                0x00000000       0x2c C:/ST/STM32CubeCLT_1.17.0/GNU-tools-for-STM32/bin/../lib/gcc/arm-none-eabi/12.3.1/../../../../arm-none-eabi/lib/thumb/v6-m/nofp\libc.a(libc_a-findfp.o)
 .text          0x00000000        0x0 C:/ST/STM32CubeCLT_1.17.0/GNU-tools-for-STM32/bin/../lib/gcc/arm-none-eabi/12.3.1/../../../../arm-none-eabi/lib/thumb/v6-m/nofp\libc.a(libc_a-fwalk.o)
 .data          0x00000000        0x0 C:/ST/STM32CubeCLT_1.17.0/GNU-tools-for-STM32/bin/../lib/gcc/arm-none-eabi/12.3.1/../../../../arm-none-eabi/lib/thumb/v6-m/nofp\libc.a(libc_a-fwalk.o)
 .bss           0x00000000        0x0 C:/ST/STM32CubeCLT_1.17.0/GNU-tools-for-STM32/bin/../lib/gcc/arm-none-eabi/12.3.1/../../../../arm-none-eabi/lib/thumb/v6-m/nofp\libc.a(libc_a-fwalk.o)
 .text._fwalk_sglue
                0x00000000       0x38 C:/ST/STM32CubeCLT_1.17.0/GNU-tools-for-STM32/bin/../lib/gcc/arm-none-eabi/12.3.1/../../../../arm-none-eabi/lib/thumb/v6-m/nofp\libc.a(libc_a-fwalk.o)
 .debug_frame   0x00000000       0x34 C:/ST/STM32CubeCLT_1.17.0/GNU-tools-for-STM32/bin/../lib/gcc/arm-none-eabi/12.3.1/../../../../arm-none-eabi/lib/thumb/v6-m/nofp\libc.a(libc_a-fwalk.o)
 .ARM.attributes
                0x00000000       0x2c C:/ST/STM32CubeCLT_1.17.0/GNU-tools-for-STM32/bin/../lib/gcc/arm-none-eabi/12.3.1/../../../../arm-none-eabi/lib/thumb/v6-m/nofp\libc.a(libc_a-fwalk.o)
 .text          0x00000000        0x0 C:/ST/STM32CubeCLT_1.17.0/GNU-tools-for-STM32/bin/../lib/gcc/arm-none-eabi/12.3.1/../../../../arm-none-eabi/lib/thumb/v6-m/nofp\libc.a(libc_a-stdio.o)
 .data          0x00000000        0x0 C:/ST/STM32CubeCLT_1.17.0/GNU-tools-for-STM32/bin/../lib/gcc/arm-none-eabi/12.3.1/../../../../arm-none-eabi/lib/thumb/v6-m/nofp\libc.a(libc_a-stdio.o)
 .bss           0x00000000        0x0 C:/ST/STM32CubeCLT_1.17.0/GNU-tools-for-STM32/bin/../lib/gcc/arm-none-eabi/12.3.1/../../../../arm-none-eabi/lib/thumb/v6-m/nofp\libc.a(libc_a-stdio.o)
 .text.__sread  0x00000000       0x28 C:/ST/STM32CubeCLT_1.17.0/GNU-tools-for-STM32/bin/../lib/gcc/arm-none-eabi/12.3.1/../../../../arm-none-eabi/lib/thumb/v6-m/nofp\libc.a(libc_a-stdio.o)
 .text.__seofread
                0x00000000        0x4 C:/ST/STM32CubeCLT_1.17.0/GNU-tools-for-STM32/bin/../lib/gcc/arm-none-eabi/12.3.1/../../../../arm-none-eabi/lib/thumb/v6-m/nofp\libc.a(libc_a-stdio.o)
 .text.__swrite
                0x00000000       0x38 C:/ST/STM32CubeCLT_1.17.0/GNU-tools-for-STM32/bin/../lib/gcc/arm-none-eabi/12.3.1/../../../../arm-none-eabi/lib/thumb/v6-m/nofp\libc.a(libc_a-stdio.o)
 .text.__sseek  0x00000000       0x2c C:/ST/STM32CubeCLT_1.17.0/GNU-tools-for-STM32/bin/../lib/gcc/arm-none-eabi/12.3.1/../../../../arm-none-eabi/lib/thumb/v6-m/nofp\libc.a(libc_a-stdio.o)
 .text.__sclose
                0x00000000        0xc C:/ST/STM32CubeCLT_1.17.0/GNU-tools-for-STM32/bin/../lib/gcc/arm-none-eabi/12.3.1/../../../../arm-none-eabi/lib/thumb/v6-m/nofp\libc.a(libc_a-stdio.o)
 .debug_frame   0x00000000       0x90 C:/ST/STM32CubeCLT_1.17.0/GNU-tools-for-STM32/bin/../lib/gcc/arm-none-eabi/12.3.1/../../../../arm-none-eabi/lib/thumb/v6-m/nofp\libc.a(libc_a-stdio.o)
 .ARM.attributes
                0x00000000       0x2c C:/ST/STM32CubeCLT_1.17.0/GNU-tools-for-STM32/bin/../lib/gcc/arm-none-eabi/12.3.1/../../../../arm-none-eabi/lib/thumb/v6-m/nofp\libc.a(libc_a-stdio.o)
 .text          0x00000000        0x0 C:/ST/STM32CubeCLT_1.17.0/GNU-tools-for-STM32/bin/../lib/gcc/arm-none-eabi/12.3.1/../../../../arm-none-eabi/lib/thumb/v6-m/nofp\libc.a(libc_a-memset.o)
 .data          0x00000000        0x0 C:/ST/STM32CubeCLT_1.17.0/GNU-tools-for-STM32/bin/../lib/gcc/arm-none-eabi/12.3.1/../../../../arm-none-eabi/lib/thumb/v6-m/nofp\libc.a(libc_a-memset.o)
 .bss           0x00000000        0x0 C:/ST/STM32CubeCLT_1.17.0/GNU-tools-for-STM32/bin/../lib/gcc/arm-none-eabi/12.3.1/../../../../arm-none-eabi/lib/thumb/v6-m/nofp\libc.a(libc_a-memset.o)
 .text.memset   0x00000000       0x10 C:/ST/STM32CubeCLT_1.17.0/GNU-tools-for-STM32/bin/../lib/gcc/arm-none-eabi/12.3.1/../../../../arm-none-eabi/lib/thumb/v6-m/nofp\libc.a(libc_a-memset.o)
 .debug_frame   0x00000000       0x20 C:/ST/STM32CubeCLT_1.17.0/GNU-tools-for-STM32/bin/../lib/gcc/arm-none-eabi/12.3.1/../../../../arm-none-eabi/lib/thumb/v6-m/nofp\libc.a(libc_a-memset.o)
 .ARM.attributes
                0x00000000       0x2c C:/ST/STM32CubeCLT_1.17.0/GNU-tools-for-STM32/bin/../lib/gcc/arm-none-eabi/12.3.1/../../../../arm-none-eabi/lib/thumb/v6-m/nofp\libc.a(libc_a-memset.o)
 .text          0x00000000        0x0 C:/ST/STM32CubeCLT_1.17.0/GNU-tools-for-STM32/bin/../lib/gcc/arm-none-eabi/12.3.1/../../../../arm-none-eabi/lib/thumb/v6-m/nofp\libc.a(libc_a-closer.o)
 .data          0x00000000        0x0 C:/ST/STM32CubeCLT_1.17.0/GNU-tools-for-STM32/bin/../lib/gcc/arm-none-eabi/12.3.1/../../../../arm-none-eabi/lib/thumb/v6-m/nofp\libc.a(libc_a-closer.o)
 .bss           0x00000000        0x0 C:/ST/STM32CubeCLT_1.17.0/GNU-tools-for-STM32/bin/../lib/gcc/arm-none-eabi/12.3.1/../../../../arm-none-eabi/lib/thumb/v6-m/nofp\libc.a(libc_a-closer.o)
 .text._close_r
                0x00000000       0x24 C:/ST/STM32CubeCLT_1.17.0/GNU-tools-for-STM32/bin/../lib/gcc/arm-none-eabi/12.3.1/../../../../arm-none-eabi/lib/thumb/v6-m/nofp\libc.a(libc_a-closer.o)
 .debug_frame   0x00000000       0x2c C:/ST/STM32CubeCLT_1.17.0/GNU-tools-for-STM32/bin/../lib/gcc/arm-none-eabi/12.3.1/../../../../arm-none-eabi/lib/thumb/v6-m/nofp\libc.a(libc_a-closer.o)
 .ARM.attributes
                0x00000000       0x2c C:/ST/STM32CubeCLT_1.17.0/GNU-tools-for-STM32/bin/../lib/gcc/arm-none-eabi/12.3.1/../../../../arm-none-eabi/lib/thumb/v6-m/nofp\libc.a(libc_a-closer.o)
 .text          0x00000000        0x0 C:/ST/STM32CubeCLT_1.17.0/GNU-tools-for-STM32/bin/../lib/gcc/arm-none-eabi/12.3.1/../../../../arm-none-eabi/lib/thumb/v6-m/nofp\libc.a(libc_a-reent.o)
 .data          0x00000000        0x0 C:/ST/STM32CubeCLT_1.17.0/GNU-tools-for-STM32/bin/../lib/gcc/arm-none-eabi/12.3.1/../../../../arm-none-eabi/lib/thumb/v6-m/nofp\libc.a(libc_a-reent.o)
 .bss           0x00000000        0x0 C:/ST/STM32CubeCLT_1.17.0/GNU-tools-for-STM32/bin/../lib/gcc/arm-none-eabi/12.3.1/../../../../arm-none-eabi/lib/thumb/v6-m/nofp\libc.a(libc_a-reent.o)
 .text._reclaim_reent
                0x00000000       0x60 C:/ST/STM32CubeCLT_1.17.0/GNU-tools-for-STM32/bin/../lib/gcc/arm-none-eabi/12.3.1/../../../../arm-none-eabi/lib/thumb/v6-m/nofp\libc.a(libc_a-reent.o)
 .bss.errno     0x00000000        0x4 C:/ST/STM32CubeCLT_1.17.0/GNU-tools-for-STM32/bin/../lib/gcc/arm-none-eabi/12.3.1/../../../../arm-none-eabi/lib/thumb/v6-m/nofp\libc.a(libc_a-reent.o)
 .debug_frame   0x00000000       0x2c C:/ST/STM32CubeCLT_1.17.0/GNU-tools-for-STM32/bin/../lib/gcc/arm-none-eabi/12.3.1/../../../../arm-none-eabi/lib/thumb/v6-m/nofp\libc.a(libc_a-reent.o)
 .ARM.attributes
                0x00000000       0x2c C:/ST/STM32CubeCLT_1.17.0/GNU-tools-for-STM32/bin/../lib/gcc/arm-none-eabi/12.3.1/../../../../arm-none-eabi/lib/thumb/v6-m/nofp\libc.a(libc_a-reent.o)
 .text          0x00000000        0x0 C:/ST/STM32CubeCLT_1.17.0/GNU-tools-for-STM32/bin/../lib/gcc/arm-none-eabi/12.3.1/../../../../arm-none-eabi/lib/thumb/v6-m/nofp\libc.a(libc_a-impure.o)
 .data          0x00000000        0x0 C:/ST/STM32CubeCLT_1.17.0/GNU-tools-for-STM32/bin/../lib/gcc/arm-none-eabi/12.3.1/../../../../arm-none-eabi/lib/thumb/v6-m/nofp\libc.a(libc_a-impure.o)
 .bss           0x00000000        0x0 C:/ST/STM32CubeCLT_1.17.0/GNU-tools-for-STM32/bin/../lib/gcc/arm-none-eabi/12.3.1/../../../../arm-none-eabi/lib/thumb/v6-m/nofp\libc.a(libc_a-impure.o)
 .data._impure_ptr
                0x00000000        0x4 C:/ST/STM32CubeCLT_1.17.0/GNU-tools-for-STM32/bin/../lib/gcc/arm-none-eabi/12.3.1/../../../../arm-none-eabi/lib/thumb/v6-m/nofp\libc.a(libc_a-impure.o)
 .data._impure_data
                0x00000000      0x120 C:/ST/STM32CubeCLT_1.17.0/GNU-tools-for-STM32/bin/../lib/gcc/arm-none-eabi/12.3.1/../../../../arm-none-eabi/lib/thumb/v6-m/nofp\libc.a(libc_a-impure.o)
 .ARM.attributes
                0x00000000       0x2c C:/ST/STM32CubeCLT_1.17.0/GNU-tools-for-STM32/bin/../lib/gcc/arm-none-eabi/12.3.1/../../../../arm-none-eabi/lib/thumb/v6-m/nofp\libc.a(libc_a-impure.o)
 .text          0x00000000        0x0 C:/ST/STM32CubeCLT_1.17.0/GNU-tools-for-STM32/bin/../lib/gcc/arm-none-eabi/12.3.1/../../../../arm-none-eabi/lib/thumb/v6-m/nofp\libc.a(libc_a-lseekr.o)
 .data          0x00000000        0x0 C:/ST/STM32CubeCLT_1.17.0/GNU-tools-for-STM32/bin/../lib/gcc/arm-none-eabi/12.3.1/../../../../arm-none-eabi/lib/thumb/v6-m/nofp\libc.a(libc_a-lseekr.o)
 .bss           0x00000000        0x0 C:/ST/STM32CubeCLT_1.17.0/GNU-tools-for-STM32/bin/../lib/gcc/arm-none-eabi/12.3.1/../../../../arm-none-eabi/lib/thumb/v6-m/nofp\libc.a(libc_a-lseekr.o)
 .text._lseek_r
                0x00000000       0x28 C:/ST/STM32CubeCLT_1.17.0/GNU-tools-for-STM32/bin/../lib/gcc/arm-none-eabi/12.3.1/../../../../arm-none-eabi/lib/thumb/v6-m/nofp\libc.a(libc_a-lseekr.o)
 .debug_frame   0x00000000       0x2c C:/ST/STM32CubeCLT_1.17.0/GNU-tools-for-STM32/bin/../lib/gcc/arm-none-eabi/12.3.1/../../../../arm-none-eabi/lib/thumb/v6-m/nofp\libc.a(libc_a-lseekr.o)
 .ARM.attributes
                0x00000000       0x2c C:/ST/STM32CubeCLT_1.17.0/GNU-tools-for-STM32/bin/../lib/gcc/arm-none-eabi/12.3.1/../../../../arm-none-eabi/lib/thumb/v6-m/nofp\libc.a(libc_a-lseekr.o)
 .text          0x00000000        0x0 C:/ST/STM32CubeCLT_1.17.0/GNU-tools-for-STM32/bin/../lib/gcc/arm-none-eabi/12.3.1/../../../../arm-none-eabi/lib/thumb/v6-m/nofp\libc.a(libc_a-readr.o)
 .data          0x00000000        0x0 C:/ST/STM32CubeCLT_1.17.0/GNU-tools-for-STM32/bin/../lib/gcc/arm-none-eabi/12.3.1/../../../../arm-none-eabi/lib/thumb/v6-m/nofp\libc.a(libc_a-readr.o)
 .bss           0x00000000        0x0 C:/ST/STM32CubeCLT_1.17.0/GNU-tools-for-STM32/bin/../lib/gcc/arm-none-eabi/12.3.1/../../../../arm-none-eabi/lib/thumb/v6-m/nofp\libc.a(libc_a-readr.o)
 .text._read_r  0x00000000       0x28 C:/ST/STM32CubeCLT_1.17.0/GNU-tools-for-STM32/bin/../lib/gcc/arm-none-eabi/12.3.1/../../../../arm-none-eabi/lib/thumb/v6-m/nofp\libc.a(libc_a-readr.o)
 .debug_frame   0x00000000       0x2c C:/ST/STM32CubeCLT_1.17.0/GNU-tools-for-STM32/bin/../lib/gcc/arm-none-eabi/12.3.1/../../../../arm-none-eabi/lib/thumb/v6-m/nofp\libc.a(libc_a-readr.o)
 .ARM.attributes
                0x00000000       0x2c C:/ST/STM32CubeCLT_1.17.0/GNU-tools-for-STM32/bin/../lib/gcc/arm-none-eabi/12.3.1/../../../../arm-none-eabi/lib/thumb/v6-m/nofp\libc.a(libc_a-readr.o)
 .text          0x00000000        0x0 C:/ST/STM32CubeCLT_1.17.0/GNU-tools-for-STM32/bin/../lib/gcc/arm-none-eabi/12.3.1/../../../../arm-none-eabi/lib/thumb/v6-m/nofp\libc.a(libc_a-writer.o)
 .data          0x00000000        0x0 C:/ST/STM32CubeCLT_1.17.0/GNU-tools-for-STM32/bin/../lib/gcc/arm-none-eabi/12.3.1/../../../../arm-none-eabi/lib/thumb/v6-m/nofp\libc.a(libc_a-writer.o)
 .bss           0x00000000        0x0 C:/ST/STM32CubeCLT_1.17.0/GNU-tools-for-STM32/bin/../lib/gcc/arm-none-eabi/12.3.1/../../../../arm-none-eabi/lib/thumb/v6-m/nofp\libc.a(libc_a-writer.o)
 .text._write_r
                0x00000000       0x28 C:/ST/STM32CubeCLT_1.17.0/GNU-tools-for-STM32/bin/../lib/gcc/arm-none-eabi/12.3.1/../../../../arm-none-eabi/lib/thumb/v6-m/nofp\libc.a(libc_a-writer.o)
 .debug_frame   0x00000000       0x2c C:/ST/STM32CubeCLT_1.17.0/GNU-tools-for-STM32/bin/../lib/gcc/arm-none-eabi/12.3.1/../../../../arm-none-eabi/lib/thumb/v6-m/nofp\libc.a(libc_a-writer.o)
 .ARM.attributes
                0x00000000       0x2c C:/ST/STM32CubeCLT_1.17.0/GNU-tools-for-STM32/bin/../lib/gcc/arm-none-eabi/12.3.1/../../../../arm-none-eabi/lib/thumb/v6-m/nofp\libc.a(libc_a-writer.o)
 .text          0x00000000        0x0 C:/ST/STM32CubeCLT_1.17.0/GNU-tools-for-STM32/bin/../lib/gcc/arm-none-eabi/12.3.1/../../../../arm-none-eabi/lib/thumb/v6-m/nofp\libc.a(libc_a-init.o)
 .data          0x00000000        0x0 C:/ST/STM32CubeCLT_1.17.0/GNU-tools-for-STM32/bin/../lib/gcc/arm-none-eabi/12.3.1/../../../../arm-none-eabi/lib/thumb/v6-m/nofp\libc.a(libc_a-init.o)
 .bss           0x00000000        0x0 C:/ST/STM32CubeCLT_1.17.0/GNU-tools-for-STM32/bin/../lib/gcc/arm-none-eabi/12.3.1/../../../../arm-none-eabi/lib/thumb/v6-m/nofp\libc.a(libc_a-init.o)
 .text          0x00000000        0x0 C:/ST/STM32CubeCLT_1.17.0/GNU-tools-for-STM32/bin/../lib/gcc/arm-none-eabi/12.3.1/../../../../arm-none-eabi/lib/thumb/v6-m/nofp\libc.a(libc_a-lock.o)
 .data          0x00000000        0x0 C:/ST/STM32CubeCLT_1.17.0/GNU-tools-for-STM32/bin/../lib/gcc/arm-none-eabi/12.3.1/../../../../arm-none-eabi/lib/thumb/v6-m/nofp\libc.a(libc_a-lock.o)
 .bss           0x00000000        0x0 C:/ST/STM32CubeCLT_1.17.0/GNU-tools-for-STM32/bin/../lib/gcc/arm-none-eabi/12.3.1/../../../../arm-none-eabi/lib/thumb/v6-m/nofp\libc.a(libc_a-lock.o)
 .text.__retarget_lock_init
                0x00000000        0x2 C:/ST/STM32CubeCLT_1.17.0/GNU-tools-for-STM32/bin/../lib/gcc/arm-none-eabi/12.3.1/../../../../arm-none-eabi/lib/thumb/v6-m/nofp\libc.a(libc_a-lock.o)
 .text.__retarget_lock_init_recursive
                0x00000000        0x2 C:/ST/STM32CubeCLT_1.17.0/GNU-tools-for-STM32/bin/../lib/gcc/arm-none-eabi/12.3.1/../../../../arm-none-eabi/lib/thumb/v6-m/nofp\libc.a(libc_a-lock.o)
 .text.__retarget_lock_close
                0x00000000        0x2 C:/ST/STM32CubeCLT_1.17.0/GNU-tools-for-STM32/bin/../lib/gcc/arm-none-eabi/12.3.1/../../../../arm-none-eabi/lib/thumb/v6-m/nofp\libc.a(libc_a-lock.o)
 .text.__retarget_lock_close_recursive
                0x00000000        0x2 C:/ST/STM32CubeCLT_1.17.0/GNU-tools-for-STM32/bin/../lib/gcc/arm-none-eabi/12.3.1/../../../../arm-none-eabi/lib/thumb/v6-m/nofp\libc.a(libc_a-lock.o)
 .text.__retarget_lock_acquire
                0x00000000        0x2 C:/ST/STM32CubeCLT_1.17.0/GNU-tools-for-STM32/bin/../lib/gcc/arm-none-eabi/12.3.1/../../../../arm-none-eabi/lib/thumb/v6-m/nofp\libc.a(libc_a-lock.o)
 .text.__retarget_lock_try_acquire
                0x00000000        0x4 C:/ST/STM32CubeCLT_1.17.0/GNU-tools-for-STM32/bin/../lib/gcc/arm-none-eabi/12.3.1/../../../../arm-none-eabi/lib/thumb/v6-m/nofp\libc.a(libc_a-lock.o)
 .text.__retarget_lock_try_acquire_recursive
                0x00000000        0x4 C:/ST/STM32CubeCLT_1.17.0/GNU-tools-for-STM32/bin/../lib/gcc/arm-none-eabi/12.3.1/../../../../arm-none-eabi/lib/thumb/v6-m/nofp\libc.a(libc_a-lock.o)
 .text.__retarget_lock_release
                0x00000000        0x2 C:/ST/STM32CubeCLT_1.17.0/GNU-tools-for-STM32/bin/../lib/gcc/arm-none-eabi/12.3.1/../../../../arm-none-eabi/lib/thumb/v6-m/nofp\libc.a(libc_a-lock.o)
 .bss.__lock___arc4random_mutex
                0x00000000        0x1 C:/ST/STM32CubeCLT_1.17.0/GNU-tools-for-STM32/bin/../lib/gcc/arm-none-eabi/12.3.1/../../../../arm-none-eabi/lib/thumb/v6-m/nofp\libc.a(libc_a-lock.o)
 .bss.__lock___dd_hash_mutex
                0x00000000        0x1 C:/ST/STM32CubeCLT_1.17.0/GNU-tools-for-STM32/bin/../lib/gcc/arm-none-eabi/12.3.1/../../../../arm-none-eabi/lib/thumb/v6-m/nofp\libc.a(libc_a-lock.o)
 .bss.__lock___tz_mutex
                0x00000000        0x1 C:/ST/STM32CubeCLT_1.17.0/GNU-tools-for-STM32/bin/../lib/gcc/arm-none-eabi/12.3.1/../../../../arm-none-eabi/lib/thumb/v6-m/nofp\libc.a(libc_a-lock.o)
 .bss.__lock___env_recursive_mutex
                0x00000000        0x1 C:/ST/STM32CubeCLT_1.17.0/GNU-tools-for-STM32/bin/../lib/gcc/arm-none-eabi/12.3.1/../../../../arm-none-eabi/lib/thumb/v6-m/nofp\libc.a(libc_a-lock.o)
 .bss.__lock___malloc_recursive_mutex
                0x00000000        0x1 C:/ST/STM32CubeCLT_1.17.0/GNU-tools-for-STM32/bin/../lib/gcc/arm-none-eabi/12.3.1/../../../../arm-none-eabi/lib/thumb/v6-m/nofp\libc.a(libc_a-lock.o)
 .bss.__lock___at_quick_exit_mutex
                0x00000000        0x1 C:/ST/STM32CubeCLT_1.17.0/GNU-tools-for-STM32/bin/../lib/gcc/arm-none-eabi/12.3.1/../../../../arm-none-eabi/lib/thumb/v6-m/nofp\libc.a(libc_a-lock.o)
 .bss.__lock___sfp_recursive_mutex
                0x00000000        0x1 C:/ST/STM32CubeCLT_1.17.0/GNU-tools-for-STM32/bin/../lib/gcc/arm-none-eabi/12.3.1/../../../../arm-none-eabi/lib/thumb/v6-m/nofp\libc.a(libc_a-lock.o)
 .text          0x00000000        0x0 C:/ST/STM32CubeCLT_1.17.0/GNU-tools-for-STM32/bin/../lib/gcc/arm-none-eabi/12.3.1/../../../../arm-none-eabi/lib/thumb/v6-m/nofp\libc.a(libc_a-__call_atexit.o)
 .data          0x00000000        0x0 C:/ST/STM32CubeCLT_1.17.0/GNU-tools-for-STM32/bin/../lib/gcc/arm-none-eabi/12.3.1/../../../../arm-none-eabi/lib/thumb/v6-m/nofp\libc.a(libc_a-__call_atexit.o)
 .bss           0x00000000        0x0 C:/ST/STM32CubeCLT_1.17.0/GNU-tools-for-STM32/bin/../lib/gcc/arm-none-eabi/12.3.1/../../../../arm-none-eabi/lib/thumb/v6-m/nofp\libc.a(libc_a-__call_atexit.o)
 .text.__call_exitprocs
                0x00000000       0xa0 C:/ST/STM32CubeCLT_1.17.0/GNU-tools-for-STM32/bin/../lib/gcc/arm-none-eabi/12.3.1/../../../../arm-none-eabi/lib/thumb/v6-m/nofp\libc.a(libc_a-__call_atexit.o)
 .text          0x00000000        0x0 C:/ST/STM32CubeCLT_1.17.0/GNU-tools-for-STM32/bin/../lib/gcc/arm-none-eabi/12.3.1/../../../../arm-none-eabi/lib/thumb/v6-m/nofp\libc.a(libc_a-atexit.o)
 .data          0x00000000        0x0 C:/ST/STM32CubeCLT_1.17.0/GNU-tools-for-STM32/bin/../lib/gcc/arm-none-eabi/12.3.1/../../../../arm-none-eabi/lib/thumb/v6-m/nofp\libc.a(libc_a-atexit.o)
 .bss           0x00000000        0x0 C:/ST/STM32CubeCLT_1.17.0/GNU-tools-for-STM32/bin/../lib/gcc/arm-none-eabi/12.3.1/../../../../arm-none-eabi/lib/thumb/v6-m/nofp\libc.a(libc_a-atexit.o)
 .text          0x00000000        0x0 C:/ST/STM32CubeCLT_1.17.0/GNU-tools-for-STM32/bin/../lib/gcc/arm-none-eabi/12.3.1/../../../../arm-none-eabi/lib/thumb/v6-m/nofp\libc.a(libc_a-freer.o)
 .data          0x00000000        0x0 C:/ST/STM32CubeCLT_1.17.0/GNU-tools-for-STM32/bin/../lib/gcc/arm-none-eabi/12.3.1/../../../../arm-none-eabi/lib/thumb/v6-m/nofp\libc.a(libc_a-freer.o)
 .bss           0x00000000        0x0 C:/ST/STM32CubeCLT_1.17.0/GNU-tools-for-STM32/bin/../lib/gcc/arm-none-eabi/12.3.1/../../../../arm-none-eabi/lib/thumb/v6-m/nofp\libc.a(libc_a-freer.o)
 .text._malloc_trim_r
                0x00000000       0xac C:/ST/STM32CubeCLT_1.17.0/GNU-tools-for-STM32/bin/../lib/gcc/arm-none-eabi/12.3.1/../../../../arm-none-eabi/lib/thumb/v6-m/nofp\libc.a(libc_a-freer.o)
 .text._free_r  0x00000000      0x164 C:/ST/STM32CubeCLT_1.17.0/GNU-tools-for-STM32/bin/../lib/gcc/arm-none-eabi/12.3.1/../../../../arm-none-eabi/lib/thumb/v6-m/nofp\libc.a(libc_a-freer.o)
 .debug_frame   0x00000000       0x58 C:/ST/STM32CubeCLT_1.17.0/GNU-tools-for-STM32/bin/../lib/gcc/arm-none-eabi/12.3.1/../../../../arm-none-eabi/lib/thumb/v6-m/nofp\libc.a(libc_a-freer.o)
 .ARM.attributes
                0x00000000       0x2c C:/ST/STM32CubeCLT_1.17.0/GNU-tools-for-STM32/bin/../lib/gcc/arm-none-eabi/12.3.1/../../../../arm-none-eabi/lib/thumb/v6-m/nofp\libc.a(libc_a-freer.o)
 .text          0x00000000        0x0 C:/ST/STM32CubeCLT_1.17.0/GNU-tools-for-STM32/bin/../lib/gcc/arm-none-eabi/12.3.1/../../../../arm-none-eabi/lib/thumb/v6-m/nofp\libc.a(libc_a-mallocr.o)
 .data          0x00000000        0x0 C:/ST/STM32CubeCLT_1.17.0/GNU-tools-for-STM32/bin/../lib/gcc/arm-none-eabi/12.3.1/../../../../arm-none-eabi/lib/thumb/v6-m/nofp\libc.a(libc_a-mallocr.o)
 .bss           0x00000000        0x0 C:/ST/STM32CubeCLT_1.17.0/GNU-tools-for-STM32/bin/../lib/gcc/arm-none-eabi/12.3.1/../../../../arm-none-eabi/lib/thumb/v6-m/nofp\libc.a(libc_a-mallocr.o)
 .text._malloc_r
                0x00000000      0x420 C:/ST/STM32CubeCLT_1.17.0/GNU-tools-for-STM32/bin/../lib/gcc/arm-none-eabi/12.3.1/../../../../arm-none-eabi/lib/thumb/v6-m/nofp\libc.a(libc_a-mallocr.o)
 .bss.__malloc_current_mallinfo
                0x00000000       0x28 C:/ST/STM32CubeCLT_1.17.0/GNU-tools-for-STM32/bin/../lib/gcc/arm-none-eabi/12.3.1/../../../../arm-none-eabi/lib/thumb/v6-m/nofp\libc.a(libc_a-mallocr.o)
 .bss.__malloc_max_total_mem
                0x00000000        0x4 C:/ST/STM32CubeCLT_1.17.0/GNU-tools-for-STM32/bin/../lib/gcc/arm-none-eabi/12.3.1/../../../../arm-none-eabi/lib/thumb/v6-m/nofp\libc.a(libc_a-mallocr.o)
 .bss.__malloc_max_sbrked_mem
                0x00000000        0x4 C:/ST/STM32CubeCLT_1.17.0/GNU-tools-for-STM32/bin/../lib/gcc/arm-none-eabi/12.3.1/../../../../arm-none-eabi/lib/thumb/v6-m/nofp\libc.a(libc_a-mallocr.o)
 .data.__malloc_sbrk_base
                0x00000000        0x4 C:/ST/STM32CubeCLT_1.17.0/GNU-tools-for-STM32/bin/../lib/gcc/arm-none-eabi/12.3.1/../../../../arm-none-eabi/lib/thumb/v6-m/nofp\libc.a(libc_a-mallocr.o)
 .bss.__malloc_top_pad
                0x00000000        0x4 C:/ST/STM32CubeCLT_1.17.0/GNU-tools-for-STM32/bin/../lib/gcc/arm-none-eabi/12.3.1/../../../../arm-none-eabi/lib/thumb/v6-m/nofp\libc.a(libc_a-mallocr.o)
 .data.__malloc_trim_threshold
                0x00000000        0x4 C:/ST/STM32CubeCLT_1.17.0/GNU-tools-for-STM32/bin/../lib/gcc/arm-none-eabi/12.3.1/../../../../arm-none-eabi/lib/thumb/v6-m/nofp\libc.a(libc_a-mallocr.o)
 .data.__malloc_av_
                0x00000000      0x408 C:/ST/STM32CubeCLT_1.17.0/GNU-tools-for-STM32/bin/../lib/gcc/arm-none-eabi/12.3.1/../../../../arm-none-eabi/lib/thumb/v6-m/nofp\libc.a(libc_a-mallocr.o)
 .debug_frame   0x00000000       0x30 C:/ST/STM32CubeCLT_1.17.0/GNU-tools-for-STM32/bin/../lib/gcc/arm-none-eabi/12.3.1/../../../../arm-none-eabi/lib/thumb/v6-m/nofp\libc.a(libc_a-mallocr.o)
 .ARM.attributes
                0x00000000       0x2c C:/ST/STM32CubeCLT_1.17.0/GNU-tools-for-STM32/bin/../lib/gcc/arm-none-eabi/12.3.1/../../../../arm-none-eabi/lib/thumb/v6-m/nofp\libc.a(libc_a-mallocr.o)
 .text          0x00000000        0x0 C:/ST/STM32CubeCLT_1.17.0/GNU-tools-for-STM32/bin/../lib/gcc/arm-none-eabi/12.3.1/../../../../arm-none-eabi/lib/thumb/v6-m/nofp\libc.a(libc_a-mlock.o)
 .data          0x00000000        0x0 C:/ST/STM32CubeCLT_1.17.0/GNU-tools-for-STM32/bin/../lib/gcc/arm-none-eabi/12.3.1/../../../../arm-none-eabi/lib/thumb/v6-m/nofp\libc.a(libc_a-mlock.o)
 .bss           0x00000000        0x0 C:/ST/STM32CubeCLT_1.17.0/GNU-tools-for-STM32/bin/../lib/gcc/arm-none-eabi/12.3.1/../../../../arm-none-eabi/lib/thumb/v6-m/nofp\libc.a(libc_a-mlock.o)
 .text.__malloc_lock
                0x00000000       0x10 C:/ST/STM32CubeCLT_1.17.0/GNU-tools-for-STM32/bin/../lib/gcc/arm-none-eabi/12.3.1/../../../../arm-none-eabi/lib/thumb/v6-m/nofp\libc.a(libc_a-mlock.o)
 .text.__malloc_unlock
                0x00000000       0x10 C:/ST/STM32CubeCLT_1.17.0/GNU-tools-for-STM32/bin/../lib/gcc/arm-none-eabi/12.3.1/../../../../arm-none-eabi/lib/thumb/v6-m/nofp\libc.a(libc_a-mlock.o)
 .debug_frame   0x00000000       0x40 C:/ST/STM32CubeCLT_1.17.0/GNU-tools-for-STM32/bin/../lib/gcc/arm-none-eabi/12.3.1/../../../../arm-none-eabi/lib/thumb/v6-m/nofp\libc.a(libc_a-mlock.o)
 .ARM.attributes
                0x00000000       0x2c C:/ST/STM32CubeCLT_1.17.0/GNU-tools-for-STM32/bin/../lib/gcc/arm-none-eabi/12.3.1/../../../../arm-none-eabi/lib/thumb/v6-m/nofp\libc.a(libc_a-mlock.o)
 .text          0x00000000        0x0 C:/ST/STM32CubeCLT_1.17.0/GNU-tools-for-STM32/bin/../lib/gcc/arm-none-eabi/12.3.1/../../../../arm-none-eabi/lib/thumb/v6-m/nofp\libc.a(libc_a-fclose.o)
 .data          0x00000000        0x0 C:/ST/STM32CubeCLT_1.17.0/GNU-tools-for-STM32/bin/../lib/gcc/arm-none-eabi/12.3.1/../../../../arm-none-eabi/lib/thumb/v6-m/nofp\libc.a(libc_a-fclose.o)
 .bss           0x00000000        0x0 C:/ST/STM32CubeCLT_1.17.0/GNU-tools-for-STM32/bin/../lib/gcc/arm-none-eabi/12.3.1/../../../../arm-none-eabi/lib/thumb/v6-m/nofp\libc.a(libc_a-fclose.o)
 .text._fclose_r
                0x00000000       0xb6 C:/ST/STM32CubeCLT_1.17.0/GNU-tools-for-STM32/bin/../lib/gcc/arm-none-eabi/12.3.1/../../../../arm-none-eabi/lib/thumb/v6-m/nofp\libc.a(libc_a-fclose.o)
 .text.fclose   0x00000000       0x14 C:/ST/STM32CubeCLT_1.17.0/GNU-tools-for-STM32/bin/../lib/gcc/arm-none-eabi/12.3.1/../../../../arm-none-eabi/lib/thumb/v6-m/nofp\libc.a(libc_a-fclose.o)
 .debug_frame   0x00000000       0x44 C:/ST/STM32CubeCLT_1.17.0/GNU-tools-for-STM32/bin/../lib/gcc/arm-none-eabi/12.3.1/../../../../arm-none-eabi/lib/thumb/v6-m/nofp\libc.a(libc_a-fclose.o)
 .ARM.attributes
                0x00000000       0x2c C:/ST/STM32CubeCLT_1.17.0/GNU-tools-for-STM32/bin/../lib/gcc/arm-none-eabi/12.3.1/../../../../arm-none-eabi/lib/thumb/v6-m/nofp\libc.a(libc_a-fclose.o)
 .text          0x00000000        0x0 C:/ST/STM32CubeCLT_1.17.0/GNU-tools-for-STM32/bin/../lib/gcc/arm-none-eabi/12.3.1/../../../../arm-none-eabi/lib/thumb/v6-m/nofp\libc.a(libc_a-fflush.o)
 .data          0x00000000        0x0 C:/ST/STM32CubeCLT_1.17.0/GNU-tools-for-STM32/bin/../lib/gcc/arm-none-eabi/12.3.1/../../../../arm-none-eabi/lib/thumb/v6-m/nofp\libc.a(libc_a-fflush.o)
 .bss           0x00000000        0x0 C:/ST/STM32CubeCLT_1.17.0/GNU-tools-for-STM32/bin/../lib/gcc/arm-none-eabi/12.3.1/../../../../arm-none-eabi/lib/thumb/v6-m/nofp\libc.a(libc_a-fflush.o)
 .text.__sflush_r
                0x00000000      0x120 C:/ST/STM32CubeCLT_1.17.0/GNU-tools-for-STM32/bin/../lib/gcc/arm-none-eabi/12.3.1/../../../../arm-none-eabi/lib/thumb/v6-m/nofp\libc.a(libc_a-fflush.o)
 .text._fflush_r
                0x00000000       0x4c C:/ST/STM32CubeCLT_1.17.0/GNU-tools-for-STM32/bin/../lib/gcc/arm-none-eabi/12.3.1/../../../../arm-none-eabi/lib/thumb/v6-m/nofp\libc.a(libc_a-fflush.o)
 .text.fflush   0x00000000       0x30 C:/ST/STM32CubeCLT_1.17.0/GNU-tools-for-STM32/bin/../lib/gcc/arm-none-eabi/12.3.1/../../../../arm-none-eabi/lib/thumb/v6-m/nofp\libc.a(libc_a-fflush.o)
 .debug_frame   0x00000000       0x68 C:/ST/STM32CubeCLT_1.17.0/GNU-tools-for-STM32/bin/../lib/gcc/arm-none-eabi/12.3.1/../../../../arm-none-eabi/lib/thumb/v6-m/nofp\libc.a(libc_a-fflush.o)
 .ARM.attributes
                0x00000000       0x2c C:/ST/STM32CubeCLT_1.17.0/GNU-tools-for-STM32/bin/../lib/gcc/arm-none-eabi/12.3.1/../../../../arm-none-eabi/lib/thumb/v6-m/nofp\libc.a(libc_a-fflush.o)
 .text          0x00000000        0x0 C:/ST/STM32CubeCLT_1.17.0/GNU-tools-for-STM32/bin/../lib/gcc/arm-none-eabi/12.3.1/../../../../arm-none-eabi/lib/thumb/v6-m/nofp\libc.a(libc_a-sbrkr.o)
 .data          0x00000000        0x0 C:/ST/STM32CubeCLT_1.17.0/GNU-tools-for-STM32/bin/../lib/gcc/arm-none-eabi/12.3.1/../../../../arm-none-eabi/lib/thumb/v6-m/nofp\libc.a(libc_a-sbrkr.o)
 .bss           0x00000000        0x0 C:/ST/STM32CubeCLT_1.17.0/GNU-tools-for-STM32/bin/../lib/gcc/arm-none-eabi/12.3.1/../../../../arm-none-eabi/lib/thumb/v6-m/nofp\libc.a(libc_a-sbrkr.o)
 .text._sbrk_r  0x00000000       0x24 C:/ST/STM32CubeCLT_1.17.0/GNU-tools-for-STM32/bin/../lib/gcc/arm-none-eabi/12.3.1/../../../../arm-none-eabi/lib/thumb/v6-m/nofp\libc.a(libc_a-sbrkr.o)
 .debug_frame   0x00000000       0x2c C:/ST/STM32CubeCLT_1.17.0/GNU-tools-for-STM32/bin/../lib/gcc/arm-none-eabi/12.3.1/../../../../arm-none-eabi/lib/thumb/v6-m/nofp\libc.a(libc_a-sbrkr.o)
 .ARM.attributes
                0x00000000       0x2c C:/ST/STM32CubeCLT_1.17.0/GNU-tools-for-STM32/bin/../lib/gcc/arm-none-eabi/12.3.1/../../../../arm-none-eabi/lib/thumb/v6-m/nofp\libc.a(libc_a-sbrkr.o)
 .text          0x00000000        0x0 C:/ST/STM32CubeCLT_1.17.0/GNU-tools-for-STM32/bin/../lib/gcc/arm-none-eabi/12.3.1/../../../../arm-none-eabi/lib/thumb/v6-m/nofp\libc.a(libc_a-fini.o)
 .data          0x00000000        0x0 C:/ST/STM32CubeCLT_1.17.0/GNU-tools-for-STM32/bin/../lib/gcc/arm-none-eabi/12.3.1/../../../../arm-none-eabi/lib/thumb/v6-m/nofp\libc.a(libc_a-fini.o)
 .bss           0x00000000        0x0 C:/ST/STM32CubeCLT_1.17.0/GNU-tools-for-STM32/bin/../lib/gcc/arm-none-eabi/12.3.1/../../../../arm-none-eabi/lib/thumb/v6-m/nofp\libc.a(libc_a-fini.o)
 .text          0x00000000        0x0 C:/ST/STM32CubeCLT_1.17.0/GNU-tools-for-STM32/bin/../lib/gcc/arm-none-eabi/12.3.1/../../../../arm-none-eabi/lib/thumb/v6-m/nofp\libc.a(libc_a-sysconf.o)
 .data          0x00000000        0x0 C:/ST/STM32CubeCLT_1.17.0/GNU-tools-for-STM32/bin/../lib/gcc/arm-none-eabi/12.3.1/../../../../arm-none-eabi/lib/thumb/v6-m/nofp\libc.a(libc_a-sysconf.o)
 .bss           0x00000000        0x0 C:/ST/STM32CubeCLT_1.17.0/GNU-tools-for-STM32/bin/../lib/gcc/arm-none-eabi/12.3.1/../../../../arm-none-eabi/lib/thumb/v6-m/nofp\libc.a(libc_a-sysconf.o)
 .text.sysconf  0x00000000       0x16 C:/ST/STM32CubeCLT_1.17.0/GNU-tools-for-STM32/bin/../lib/gcc/arm-none-eabi/12.3.1/../../../../arm-none-eabi/lib/thumb/v6-m/nofp\libc.a(libc_a-sysconf.o)
 .debug_frame   0x00000000       0x28 C:/ST/STM32CubeCLT_1.17.0/GNU-tools-for-STM32/bin/../lib/gcc/arm-none-eabi/12.3.1/../../../../arm-none-eabi/lib/thumb/v6-m/nofp\libc.a(libc_a-sysconf.o)
 .ARM.attributes
                0x00000000       0x2c C:/ST/STM32CubeCLT_1.17.0/GNU-tools-for-STM32/bin/../lib/gcc/arm-none-eabi/12.3.1/../../../../arm-none-eabi/lib/thumb/v6-m/nofp\libc.a(libc_a-sysconf.o)
 .text          0x00000000        0x0 C:/ST/STM32CubeCLT_1.17.0/GNU-tools-for-STM32/bin/../lib/gcc/arm-none-eabi/12.3.1/../../../../arm-none-eabi/lib/thumb/v6-m/nofp\libc.a(libc_a-__atexit.o)
 .data          0x00000000        0x0 C:/ST/STM32CubeCLT_1.17.0/GNU-tools-for-STM32/bin/../lib/gcc/arm-none-eabi/12.3.1/../../../../arm-none-eabi/lib/thumb/v6-m/nofp\libc.a(libc_a-__atexit.o)
 .bss           0x00000000        0x0 C:/ST/STM32CubeCLT_1.17.0/GNU-tools-for-STM32/bin/../lib/gcc/arm-none-eabi/12.3.1/../../../../arm-none-eabi/lib/thumb/v6-m/nofp\libc.a(libc_a-__atexit.o)
 .text          0x00000000        0x0 C:/ST/STM32CubeCLT_1.17.0/GNU-tools-for-STM32/bin/../lib/gcc/arm-none-eabi/12.3.1/../../../../arm-none-eabi/lib/thumb/v6-m/nofp\libc.a(libc_a-errno.o)
 .data          0x00000000        0x0 C:/ST/STM32CubeCLT_1.17.0/GNU-tools-for-STM32/bin/../lib/gcc/arm-none-eabi/12.3.1/../../../../arm-none-eabi/lib/thumb/v6-m/nofp\libc.a(libc_a-errno.o)
 .bss           0x00000000        0x0 C:/ST/STM32CubeCLT_1.17.0/GNU-tools-for-STM32/bin/../lib/gcc/arm-none-eabi/12.3.1/../../../../arm-none-eabi/lib/thumb/v6-m/nofp\libc.a(libc_a-errno.o)
 .text.__errno  0x00000000        0xc C:/ST/STM32CubeCLT_1.17.0/GNU-tools-for-STM32/bin/../lib/gcc/arm-none-eabi/12.3.1/../../../../arm-none-eabi/lib/thumb/v6-m/nofp\libc.a(libc_a-errno.o)
 .debug_frame   0x00000000       0x20 C:/ST/STM32CubeCLT_1.17.0/GNU-tools-for-STM32/bin/../lib/gcc/arm-none-eabi/12.3.1/../../../../arm-none-eabi/lib/thumb/v6-m/nofp\libc.a(libc_a-errno.o)
 .ARM.attributes
                0x00000000       0x2c C:/ST/STM32CubeCLT_1.17.0/GNU-tools-for-STM32/bin/../lib/gcc/arm-none-eabi/12.3.1/../../../../arm-none-eabi/lib/thumb/v6-m/nofp\libc.a(libc_a-errno.o)
 .group         0x00000000        0xc CMakeFiles/blinky_bare_bare_metal.dir/Src/main.c.obj
 .group         0x00000000        0xc CMakeFiles/blinky_bare_bare_metal.dir/Src/main.c.obj
 .group         0x00000000        0xc CMakeFiles/blinky_bare_bare_metal.dir/Src/main.c.obj
 .group         0x00000000        0xc CMakeFiles/blinky_bare_bare_metal.dir/Src/main.c.obj
 .group         0x00000000        0xc CMakeFiles/blinky_bare_bare_metal.dir/Src/main.c.obj
 .group         0x00000000        0xc CMakeFiles/blinky_bare_bare_metal.dir/Src/main.c.obj
 .group         0x00000000        0xc CMakeFiles/blinky_bare_bare_metal.dir/Src/main.c.obj
 .text          0x00000000        0x0 CMakeFiles/blinky_bare_bare_metal.dir/Src/main.c.obj
 .data          0x00000000        0x0 CMakeFiles/blinky_bare_bare_metal.dir/Src/main.c.obj
 .bss           0x00000000        0x0 CMakeFiles/blinky_bare_bare_metal.dir/Src/main.c.obj
 .group         0x00000000        0xc CMakeFiles/blinky_bare_bare_metal.dir/Src/syscall.c.obj
 .group         0x00000000        0xc CMakeFiles/blinky_bare_bare_metal.dir/Src/syscall.c.obj
 .group         0x00000000        0xc CMakeFiles/blinky_bare_bare_metal.dir/Src/syscall.c.obj
 .group         0x00000000        0xc CMakeFiles/blinky_bare_bare_metal.dir/Src/syscall.c.obj
 .group         0x00000000        0xc CMakeFiles/blinky_bare_bare_metal.dir/Src/syscall.c.obj
 .group         0x00000000        0xc CMakeFiles/blinky_bare_bare_metal.dir/Src/syscall.c.obj
 .group         0x00000000        0xc CMakeFiles/blinky_bare_bare_metal.dir/Src/syscall.c.obj
 .group         0x00000000        0xc CMakeFiles/blinky_bare_bare_metal.dir/Src/syscall.c.obj
 .group         0x00000000        0xc CMakeFiles/blinky_bare_bare_metal.dir/Src/syscall.c.obj
 .group         0x00000000        0xc CMakeFiles/blinky_bare_bare_metal.dir/Src/syscall.c.obj
 .group         0x00000000        0xc CMakeFiles/blinky_bare_bare_metal.dir/Src/syscall.c.obj
 .group         0x00000000        0xc CMakeFiles/blinky_bare_bare_metal.dir/Src/syscall.c.obj
 .group         0x00000000        0xc CMakeFiles/blinky_bare_bare_metal.dir/Src/syscall.c.obj
 .group         0x00000000        0xc CMakeFiles/blinky_bare_bare_metal.dir/Src/syscall.c.obj
 .group         0x00000000        0xc CMakeFiles/blinky_bare_bare_metal.dir/Src/syscall.c.obj
 .group         0x00000000        0xc CMakeFiles/blinky_bare_bare_metal.dir/Src/syscall.c.obj
 .group         0x00000000        0xc CMakeFiles/blinky_bare_bare_metal.dir/Src/syscall.c.obj
 .group         0x00000000        0xc CMakeFiles/blinky_bare_bare_metal.dir/Src/syscall.c.obj
 .group         0x00000000        0xc CMakeFiles/blinky_bare_bare_metal.dir/Src/syscall.c.obj
 .group         0x00000000        0xc CMakeFiles/blinky_bare_bare_metal.dir/Src/syscall.c.obj
 .group         0x00000000        0xc CMakeFiles/blinky_bare_bare_metal.dir/Src/syscall.c.obj
 .group         0x00000000        0xc CMakeFiles/blinky_bare_bare_metal.dir/Src/syscall.c.obj
 .group         0x00000000        0xc CMakeFiles/blinky_bare_bare_metal.dir/Src/syscall.c.obj
 .group         0x00000000        0xc CMakeFiles/blinky_bare_bare_metal.dir/Src/syscall.c.obj
 .group         0x00000000        0xc CMakeFiles/blinky_bare_bare_metal.dir/Src/syscall.c.obj
 .group         0x00000000        0xc CMakeFiles/blinky_bare_bare_metal.dir/Src/syscall.c.obj
 .group         0x00000000        0xc CMakeFiles/blinky_bare_bare_metal.dir/Src/syscall.c.obj
 .group         0x00000000        0xc CMakeFiles/blinky_bare_bare_metal.dir/Src/syscall.c.obj
 .group         0x00000000        0xc CMakeFiles/blinky_bare_bare_metal.dir/Src/syscall.c.obj
 .group         0x00000000        0xc CMakeFiles/blinky_bare_bare_metal.dir/Src/syscall.c.obj
 .group         0x00000000        0xc CMakeFiles/blinky_bare_bare_metal.dir/Src/syscall.c.obj
 .group         0x00000000        0xc CMakeFiles/blinky_bare_bare_metal.dir/Src/syscall.c.obj
 .group         0x00000000        0xc CMakeFiles/blinky_bare_bare_metal.dir/Src/syscall.c.obj
 .group         0x00000000        0xc CMakeFiles/blinky_bare_bare_metal.dir/Src/syscall.c.obj
 .group         0x00000000        0xc CMakeFiles/blinky_bare_bare_metal.dir/Src/syscall.c.obj
 .group         0x00000000        0xc CMakeFiles/blinky_bare_bare_metal.dir/Src/syscall.c.obj
 .group         0x00000000        0xc CMakeFiles/blinky_bare_bare_metal.dir/Src/syscall.c.obj
 .group         0x00000000        0xc CMakeFiles/blinky_bare_bare_metal.dir/Src/syscall.c.obj
 .group         0x00000000        0xc CMakeFiles/blinky_bare_bare_metal.dir/Src/syscall.c.obj
 .group         0x00000000        0xc CMakeFiles/blinky_bare_bare_metal.dir/Src/syscall.c.obj
 .group         0x00000000        0xc CMakeFiles/blinky_bare_bare_metal.dir/Src/syscall.c.obj
 .group         0x00000000        0xc CMakeFiles/blinky_bare_bare_metal.dir/Src/syscall.c.obj
 .group         0x00000000        0xc CMakeFiles/blinky_bare_bare_metal.dir/Src/syscall.c.obj
 .group         0x00000000        0xc CMakeFiles/blinky_bare_bare_metal.dir/Src/syscall.c.obj
 .group         0x00000000        0xc CMakeFiles/blinky_bare_bare_metal.dir/Src/syscall.c.obj
 .group         0x00000000        0xc CMakeFiles/blinky_bare_bare_metal.dir/Src/syscall.c.obj
 .group         0x00000000        0xc CMakeFiles/blinky_bare_bare_metal.dir/Src/syscall.c.obj
 .text          0x00000000        0x0 CMakeFiles/blinky_bare_bare_metal.dir/Src/syscall.c.obj
 .data          0x00000000        0x0 CMakeFiles/blinky_bare_bare_metal.dir/Src/syscall.c.obj
 .bss           0x00000000        0x0 CMakeFiles/blinky_bare_bare_metal.dir/Src/syscall.c.obj
 .text.initialise_monitor_handles
                0x00000000        0x2 CMakeFiles/blinky_bare_bare_metal.dir/Src/syscall.c.obj
 .text._getpid  0x00000000        0x4 CMakeFiles/blinky_bare_bare_metal.dir/Src/syscall.c.obj
 .text._kill    0x00000000       0x10 CMakeFiles/blinky_bare_bare_metal.dir/Src/syscall.c.obj
 .text._exit    0x00000000        0xc CMakeFiles/blinky_bare_bare_metal.dir/Src/syscall.c.obj
 .text._read    0x00000000       0x1c CMakeFiles/blinky_bare_bare_metal.dir/Src/syscall.c.obj
 .text._write   0x00000000       0x1c CMakeFiles/blinky_bare_bare_metal.dir/Src/syscall.c.obj
 .text._close   0x00000000        0x6 CMakeFiles/blinky_bare_bare_metal.dir/Src/syscall.c.obj
 .text._fstat   0x00000000        0xa CMakeFiles/blinky_bare_bare_metal.dir/Src/syscall.c.obj
 .text._isatty  0x00000000        0x4 CMakeFiles/blinky_bare_bare_metal.dir/Src/syscall.c.obj
 .text._lseek   0x00000000        0x4 CMakeFiles/blinky_bare_bare_metal.dir/Src/syscall.c.obj
 .text._open    0x00000000        0xa CMakeFiles/blinky_bare_bare_metal.dir/Src/syscall.c.obj
 .text._wait    0x00000000       0x10 CMakeFiles/blinky_bare_bare_metal.dir/Src/syscall.c.obj
 .text._unlink  0x00000000       0x10 CMakeFiles/blinky_bare_bare_metal.dir/Src/syscall.c.obj
 .text._times   0x00000000        0x6 CMakeFiles/blinky_bare_bare_metal.dir/Src/syscall.c.obj
 .text._stat    0x00000000        0xa CMakeFiles/blinky_bare_bare_metal.dir/Src/syscall.c.obj
 .text._link    0x00000000       0x10 CMakeFiles/blinky_bare_bare_metal.dir/Src/syscall.c.obj
 .text._fork    0x00000000       0x10 CMakeFiles/blinky_bare_bare_metal.dir/Src/syscall.c.obj
 .text._execve  0x00000000       0x10 CMakeFiles/blinky_bare_bare_metal.dir/Src/syscall.c.obj
 .data.environ  0x00000000        0x4 CMakeFiles/blinky_bare_bare_metal.dir/Src/syscall.c.obj
 .bss.__env     0x00000000        0x4 CMakeFiles/blinky_bare_bare_metal.dir/Src/syscall.c.obj
 .debug_info    0x00000000      0x787 CMakeFiles/blinky_bare_bare_metal.dir/Src/syscall.c.obj
 .debug_abbrev  0x00000000      0x1c3 CMakeFiles/blinky_bare_bare_metal.dir/Src/syscall.c.obj
 .debug_loclists
                0x00000000      0x260 CMakeFiles/blinky_bare_bare_metal.dir/Src/syscall.c.obj
 .debug_aranges
                0x00000000       0xa8 CMakeFiles/blinky_bare_bare_metal.dir/Src/syscall.c.obj
 .debug_rnglists
                0x00000000       0x79 CMakeFiles/blinky_bare_bare_metal.dir/Src/syscall.c.obj
 .debug_macro   0x00000000      0x265 CMakeFiles/blinky_bare_bare_metal.dir/Src/syscall.c.obj
 .debug_macro   0x00000000      0xa7e CMakeFiles/blinky_bare_bare_metal.dir/Src/syscall.c.obj
 .debug_macro   0x00000000       0x22 CMakeFiles/blinky_bare_bare_metal.dir/Src/syscall.c.obj
 .debug_macro   0x00000000       0x6e CMakeFiles/blinky_bare_bare_metal.dir/Src/syscall.c.obj
 .debug_macro   0x00000000       0x24 CMakeFiles/blinky_bare_bare_metal.dir/Src/syscall.c.obj
 .debug_macro   0x00000000       0x94 CMakeFiles/blinky_bare_bare_metal.dir/Src/syscall.c.obj
 .debug_macro   0x00000000       0x3c CMakeFiles/blinky_bare_bare_metal.dir/Src/syscall.c.obj
 .debug_macro   0x00000000       0x34 CMakeFiles/blinky_bare_bare_metal.dir/Src/syscall.c.obj
 .debug_macro   0x00000000       0x57 CMakeFiles/blinky_bare_bare_metal.dir/Src/syscall.c.obj
 .debug_macro   0x00000000      0x189 CMakeFiles/blinky_bare_bare_metal.dir/Src/syscall.c.obj
 .debug_macro   0x00000000      0x369 CMakeFiles/blinky_bare_bare_metal.dir/Src/syscall.c.obj
 .debug_macro   0x00000000       0x16 CMakeFiles/blinky_bare_bare_metal.dir/Src/syscall.c.obj
 .debug_macro   0x00000000       0x43 CMakeFiles/blinky_bare_bare_metal.dir/Src/syscall.c.obj
 .debug_macro   0x00000000       0x34 CMakeFiles/blinky_bare_bare_metal.dir/Src/syscall.c.obj
 .debug_macro   0x00000000       0x10 CMakeFiles/blinky_bare_bare_metal.dir/Src/syscall.c.obj
 .debug_macro   0x00000000       0x58 CMakeFiles/blinky_bare_bare_metal.dir/Src/syscall.c.obj
 .debug_macro   0x00000000      0x1de CMakeFiles/blinky_bare_bare_metal.dir/Src/syscall.c.obj
 .debug_macro   0x00000000       0x10 CMakeFiles/blinky_bare_bare_metal.dir/Src/syscall.c.obj
 .debug_macro   0x00000000       0x35 CMakeFiles/blinky_bare_bare_metal.dir/Src/syscall.c.obj
 .debug_macro   0x00000000       0x10 CMakeFiles/blinky_bare_bare_metal.dir/Src/syscall.c.obj
 .debug_macro   0x00000000       0x10 CMakeFiles/blinky_bare_bare_metal.dir/Src/syscall.c.obj
 .debug_macro   0x00000000       0x10 CMakeFiles/blinky_bare_bare_metal.dir/Src/syscall.c.obj
 .debug_macro   0x00000000       0x6a CMakeFiles/blinky_bare_bare_metal.dir/Src/syscall.c.obj
 .debug_macro   0x00000000       0x1c CMakeFiles/blinky_bare_bare_metal.dir/Src/syscall.c.obj
 .debug_macro   0x00000000       0x52 CMakeFiles/blinky_bare_bare_metal.dir/Src/syscall.c.obj
 .debug_macro   0x00000000       0x22 CMakeFiles/blinky_bare_bare_metal.dir/Src/syscall.c.obj
 .debug_macro   0x00000000       0x10 CMakeFiles/blinky_bare_bare_metal.dir/Src/syscall.c.obj
 .debug_macro   0x00000000       0x52 CMakeFiles/blinky_bare_bare_metal.dir/Src/syscall.c.obj
 .debug_macro   0x00000000       0xcf CMakeFiles/blinky_bare_bare_metal.dir/Src/syscall.c.obj
 .debug_macro   0x00000000       0x1c CMakeFiles/blinky_bare_bare_metal.dir/Src/syscall.c.obj
 .debug_macro   0x00000000       0x3d CMakeFiles/blinky_bare_bare_metal.dir/Src/syscall.c.obj
 .debug_macro   0x00000000       0x35 CMakeFiles/blinky_bare_bare_metal.dir/Src/syscall.c.obj
 .debug_macro   0x00000000      0x12c CMakeFiles/blinky_bare_bare_metal.dir/Src/syscall.c.obj
 .debug_macro   0x00000000       0x16 CMakeFiles/blinky_bare_bare_metal.dir/Src/syscall.c.obj
 .debug_macro   0x00000000       0x16 CMakeFiles/blinky_bare_bare_metal.dir/Src/syscall.c.obj
 .debug_macro   0x00000000       0x29 CMakeFiles/blinky_bare_bare_metal.dir/Src/syscall.c.obj
 .debug_macro   0x00000000       0x10 CMakeFiles/blinky_bare_bare_metal.dir/Src/syscall.c.obj
 .debug_macro   0x00000000      0x242 CMakeFiles/blinky_bare_bare_metal.dir/Src/syscall.c.obj
 .debug_macro   0x00000000       0x1c CMakeFiles/blinky_bare_bare_metal.dir/Src/syscall.c.obj
 .debug_macro   0x00000000       0x10 CMakeFiles/blinky_bare_bare_metal.dir/Src/syscall.c.obj
 .debug_macro   0x00000000       0x10 CMakeFiles/blinky_bare_bare_metal.dir/Src/syscall.c.obj
 .debug_macro   0x00000000       0x16 CMakeFiles/blinky_bare_bare_metal.dir/Src/syscall.c.obj
 .debug_macro   0x00000000      0x170 CMakeFiles/blinky_bare_bare_metal.dir/Src/syscall.c.obj
 .debug_macro   0x00000000      0x103 CMakeFiles/blinky_bare_bare_metal.dir/Src/syscall.c.obj
 .debug_macro   0x00000000      0x1df CMakeFiles/blinky_bare_bare_metal.dir/Src/syscall.c.obj
 .debug_macro   0x00000000      0x18a CMakeFiles/blinky_bare_bare_metal.dir/Src/syscall.c.obj
 .debug_macro   0x00000000       0x16 CMakeFiles/blinky_bare_bare_metal.dir/Src/syscall.c.obj
 .debug_macro   0x00000000       0xce CMakeFiles/blinky_bare_bare_metal.dir/Src/syscall.c.obj
 .debug_line    0x00000000      0x72b CMakeFiles/blinky_bare_bare_metal.dir/Src/syscall.c.obj
 .debug_str     0x00000000     0x9262 CMakeFiles/blinky_bare_bare_metal.dir/Src/syscall.c.obj
 .comment       0x00000000       0x44 CMakeFiles/blinky_bare_bare_metal.dir/Src/syscall.c.obj
 .debug_frame   0x00000000      0x184 CMakeFiles/blinky_bare_bare_metal.dir/Src/syscall.c.obj
 .ARM.attributes
                0x00000000       0x2c CMakeFiles/blinky_bare_bare_metal.dir/Src/syscall.c.obj
 .group         0x00000000        0xc CMakeFiles/blinky_bare_bare_metal.dir/Src/sysmem.c.obj
 .group         0x00000000        0xc CMakeFiles/blinky_bare_bare_metal.dir/Src/sysmem.c.obj
 .group         0x00000000        0xc CMakeFiles/blinky_bare_bare_metal.dir/Src/sysmem.c.obj
 .group         0x00000000        0xc CMakeFiles/blinky_bare_bare_metal.dir/Src/sysmem.c.obj
 .group         0x00000000        0xc CMakeFiles/blinky_bare_bare_metal.dir/Src/sysmem.c.obj
 .group         0x00000000        0xc CMakeFiles/blinky_bare_bare_metal.dir/Src/sysmem.c.obj
 .group         0x00000000        0xc CMakeFiles/blinky_bare_bare_metal.dir/Src/sysmem.c.obj
 .group         0x00000000        0xc CMakeFiles/blinky_bare_bare_metal.dir/Src/sysmem.c.obj
 .group         0x00000000        0xc CMakeFiles/blinky_bare_bare_metal.dir/Src/sysmem.c.obj
 .group         0x00000000        0xc CMakeFiles/blinky_bare_bare_metal.dir/Src/sysmem.c.obj
 .group         0x00000000        0xc CMakeFiles/blinky_bare_bare_metal.dir/Src/sysmem.c.obj
 .group         0x00000000        0xc CMakeFiles/blinky_bare_bare_metal.dir/Src/sysmem.c.obj
 .group         0x00000000        0xc CMakeFiles/blinky_bare_bare_metal.dir/Src/sysmem.c.obj
 .group         0x00000000        0xc CMakeFiles/blinky_bare_bare_metal.dir/Src/sysmem.c.obj
 .group         0x00000000        0xc CMakeFiles/blinky_bare_bare_metal.dir/Src/sysmem.c.obj
 .group         0x00000000        0xc CMakeFiles/blinky_bare_bare_metal.dir/Src/sysmem.c.obj
 .group         0x00000000        0xc CMakeFiles/blinky_bare_bare_metal.dir/Src/sysmem.c.obj
 .group         0x00000000        0xc CMakeFiles/blinky_bare_bare_metal.dir/Src/sysmem.c.obj
 .group         0x00000000        0xc CMakeFiles/blinky_bare_bare_metal.dir/Src/sysmem.c.obj
 .group         0x00000000        0xc CMakeFiles/blinky_bare_bare_metal.dir/Src/sysmem.c.obj
 .text          0x00000000        0x0 CMakeFiles/blinky_bare_bare_metal.dir/Src/sysmem.c.obj
 .data          0x00000000        0x0 CMakeFiles/blinky_bare_bare_metal.dir/Src/sysmem.c.obj
 .bss           0x00000000        0x0 CMakeFiles/blinky_bare_bare_metal.dir/Src/sysmem.c.obj
 .text._sbrk    0x00000000       0x48 CMakeFiles/blinky_bare_bare_metal.dir/Src/sysmem.c.obj
 .bss.__sbrk_heap_end
                0x00000000        0x4 CMakeFiles/blinky_bare_bare_metal.dir/Src/sysmem.c.obj
 .debug_info    0x00000000      0x186 CMakeFiles/blinky_bare_bare_metal.dir/Src/sysmem.c.obj
 .debug_abbrev  0x00000000       0xdc CMakeFiles/blinky_bare_bare_metal.dir/Src/sysmem.c.obj
 .debug_loclists
                0x00000000       0x61 CMakeFiles/blinky_bare_bare_metal.dir/Src/sysmem.c.obj
 .debug_aranges
                0x00000000       0x20 CMakeFiles/blinky_bare_bare_metal.dir/Src/sysmem.c.obj
 .debug_rnglists
                0x00000000       0x13 CMakeFiles/blinky_bare_bare_metal.dir/Src/sysmem.c.obj
 .debug_macro   0x00000000       0xec CMakeFiles/blinky_bare_bare_metal.dir/Src/sysmem.c.obj
 .debug_macro   0x00000000      0xa7e CMakeFiles/blinky_bare_bare_metal.dir/Src/sysmem.c.obj
 .debug_macro   0x00000000       0x10 CMakeFiles/blinky_bare_bare_metal.dir/Src/sysmem.c.obj
 .debug_macro   0x00000000       0x22 CMakeFiles/blinky_bare_bare_metal.dir/Src/sysmem.c.obj
 .debug_macro   0x00000000       0x6e CMakeFiles/blinky_bare_bare_metal.dir/Src/sysmem.c.obj
 .debug_macro   0x00000000       0x24 CMakeFiles/blinky_bare_bare_metal.dir/Src/sysmem.c.obj
 .debug_macro   0x00000000       0x94 CMakeFiles/blinky_bare_bare_metal.dir/Src/sysmem.c.obj
 .debug_macro   0x00000000       0x3c CMakeFiles/blinky_bare_bare_metal.dir/Src/sysmem.c.obj
 .debug_macro   0x00000000       0x34 CMakeFiles/blinky_bare_bare_metal.dir/Src/sysmem.c.obj
 .debug_macro   0x00000000      0x189 CMakeFiles/blinky_bare_bare_metal.dir/Src/sysmem.c.obj
 .debug_macro   0x00000000       0x16 CMakeFiles/blinky_bare_bare_metal.dir/Src/sysmem.c.obj
 .debug_macro   0x00000000       0x43 CMakeFiles/blinky_bare_bare_metal.dir/Src/sysmem.c.obj
 .debug_macro   0x00000000       0x57 CMakeFiles/blinky_bare_bare_metal.dir/Src/sysmem.c.obj
 .debug_macro   0x00000000       0x34 CMakeFiles/blinky_bare_bare_metal.dir/Src/sysmem.c.obj
 .debug_macro   0x00000000       0x10 CMakeFiles/blinky_bare_bare_metal.dir/Src/sysmem.c.obj
 .debug_macro   0x00000000       0x58 CMakeFiles/blinky_bare_bare_metal.dir/Src/sysmem.c.obj
 .debug_macro   0x00000000      0x1de CMakeFiles/blinky_bare_bare_metal.dir/Src/sysmem.c.obj
 .debug_macro   0x00000000      0x23c CMakeFiles/blinky_bare_bare_metal.dir/Src/sysmem.c.obj
 .debug_macro   0x00000000      0x103 CMakeFiles/blinky_bare_bare_metal.dir/Src/sysmem.c.obj
 .debug_macro   0x00000000       0x6a CMakeFiles/blinky_bare_bare_metal.dir/Src/sysmem.c.obj
 .debug_macro   0x00000000      0x1df CMakeFiles/blinky_bare_bare_metal.dir/Src/sysmem.c.obj
 .debug_line    0x00000000      0x37b CMakeFiles/blinky_bare_bare_metal.dir/Src/sysmem.c.obj
 .debug_str     0x00000000     0x59d6 CMakeFiles/blinky_bare_bare_metal.dir/Src/sysmem.c.obj
 .comment       0x00000000       0x44 CMakeFiles/blinky_bare_bare_metal.dir/Src/sysmem.c.obj
 .debug_frame   0x00000000       0x28 CMakeFiles/blinky_bare_bare_metal.dir/Src/sysmem.c.obj
 .ARM.attributes
                0x00000000       0x2c CMakeFiles/blinky_bare_bare_metal.dir/Src/sysmem.c.obj
 .text          0x00000000       0x14 CMakeFiles/blinky_bare_bare_metal.dir/Startup/startup_stm32l432kcux.s.obj
 .data          0x00000000        0x0 CMakeFiles/blinky_bare_bare_metal.dir/Startup/startup_stm32l432kcux.s.obj
 .bss           0x00000000        0x0 CMakeFiles/blinky_bare_bare_metal.dir/Startup/startup_stm32l432kcux.s.obj
 .text          0x00000000      0x114 C:/ST/STM32CubeCLT_1.17.0/GNU-tools-for-STM32/bin/../lib/gcc/arm-none-eabi/12.3.1/thumb/v6-m/nofp\libgcc.a(_udivsi3.o)
 .data          0x00000000        0x0 C:/ST/STM32CubeCLT_1.17.0/GNU-tools-for-STM32/bin/../lib/gcc/arm-none-eabi/12.3.1/thumb/v6-m/nofp\libgcc.a(_udivsi3.o)
 .bss           0x00000000        0x0 C:/ST/STM32CubeCLT_1.17.0/GNU-tools-for-STM32/bin/../lib/gcc/arm-none-eabi/12.3.1/thumb/v6-m/nofp\libgcc.a(_udivsi3.o)
 .debug_frame   0x00000000       0x20 C:/ST/STM32CubeCLT_1.17.0/GNU-tools-for-STM32/bin/../lib/gcc/arm-none-eabi/12.3.1/thumb/v6-m/nofp\libgcc.a(_udivsi3.o)
 .ARM.attributes
                0x00000000       0x1e C:/ST/STM32CubeCLT_1.17.0/GNU-tools-for-STM32/bin/../lib/gcc/arm-none-eabi/12.3.1/thumb/v6-m/nofp\libgcc.a(_udivsi3.o)
 .text          0x00000000        0x4 C:/ST/STM32CubeCLT_1.17.0/GNU-tools-for-STM32/bin/../lib/gcc/arm-none-eabi/12.3.1/thumb/v6-m/nofp\libgcc.a(_dvmd_tls.o)
 .data          0x00000000        0x0 C:/ST/STM32CubeCLT_1.17.0/GNU-tools-for-STM32/bin/../lib/gcc/arm-none-eabi/12.3.1/thumb/v6-m/nofp\libgcc.a(_dvmd_tls.o)
 .bss           0x00000000        0x0 C:/ST/STM32CubeCLT_1.17.0/GNU-tools-for-STM32/bin/../lib/gcc/arm-none-eabi/12.3.1/thumb/v6-m/nofp\libgcc.a(_dvmd_tls.o)
 .ARM.attributes
                0x00000000       0x1e C:/ST/STM32CubeCLT_1.17.0/GNU-tools-for-STM32/bin/../lib/gcc/arm-none-eabi/12.3.1/thumb/v6-m/nofp\libgcc.a(_dvmd_tls.o)
 .text          0x00000000        0x0 C:/ST/STM32CubeCLT_1.17.0/GNU-tools-for-STM32/bin/../lib/gcc/arm-none-eabi/12.3.1/thumb/v6-m/nofp/crtend.o
 .data          0x00000000        0x0 C:/ST/STM32CubeCLT_1.17.0/GNU-tools-for-STM32/bin/../lib/gcc/arm-none-eabi/12.3.1/thumb/v6-m/nofp/crtend.o
 .bss           0x00000000        0x0 C:/ST/STM32CubeCLT_1.17.0/GNU-tools-for-STM32/bin/../lib/gcc/arm-none-eabi/12.3.1/thumb/v6-m/nofp/crtend.o
 .rodata        0x00000000       0x24 C:/ST/STM32CubeCLT_1.17.0/GNU-tools-for-STM32/bin/../lib/gcc/arm-none-eabi/12.3.1/thumb/v6-m/nofp/crtend.o
 .eh_frame      0x00000000        0x4 C:/ST/STM32CubeCLT_1.17.0/GNU-tools-for-STM32/bin/../lib/gcc/arm-none-eabi/12.3.1/thumb/v6-m/nofp/crtend.o
 .ARM.attributes
                0x00000000       0x2c C:/ST/STM32CubeCLT_1.17.0/GNU-tools-for-STM32/bin/../lib/gcc/arm-none-eabi/12.3.1/thumb/v6-m/nofp/crtend.o
 .text          0x00000000        0x0 C:/ST/STM32CubeCLT_1.17.0/GNU-tools-for-STM32/bin/../lib/gcc/arm-none-eabi/12.3.1/thumb/v6-m/nofp/crtn.o
 .data          0x00000000        0x0 C:/ST/STM32CubeCLT_1.17.0/GNU-tools-for-STM32/bin/../lib/gcc/arm-none-eabi/12.3.1/thumb/v6-m/nofp/crtn.o
 .bss           0x00000000        0x0 C:/ST/STM32CubeCLT_1.17.0/GNU-tools-for-STM32/bin/../lib/gcc/arm-none-eabi/12.3.1/thumb/v6-m/nofp/crtn.o

Memory Configuration

Name             Origin             Length             Attributes
SRAM2            0x10000000         0x00004000         xrw
RAM              0x20000000         0x00010000         xrw
FLASH            0x08000000         0x00040000         xr
*default*        0x00000000         0xffffffff

Linker script and memory map

LOAD C:/ST/STM32CubeCLT_1.17.0/GNU-tools-for-STM32/bin/../lib/gcc/arm-none-eabi/12.3.1/thumb/v6-m/nofp/crti.o
LOAD C:/ST/STM32CubeCLT_1.17.0/GNU-tools-for-STM32/bin/../lib/gcc/arm-none-eabi/12.3.1/thumb/v6-m/nofp/crtbegin.o
LOAD C:/ST/STM32CubeCLT_1.17.0/GNU-tools-for-STM32/bin/../lib/gcc/arm-none-eabi/12.3.1/../../../../arm-none-eabi/lib/thumb/v6-m/nofp/crt0.o
START GROUP
LOAD C:/ST/STM32CubeCLT_1.17.0/GNU-tools-for-STM32/bin/../lib/gcc/arm-none-eabi/12.3.1/../../../../arm-none-eabi/lib/thumb/v6-m/nofp\libc.a
LOAD C:/ST/STM32CubeCLT_1.17.0/GNU-tools-for-STM32/bin/../lib/gcc/arm-none-eabi/12.3.1/../../../../arm-none-eabi/lib/thumb/v6-m/nofp\libm.a
LOAD C:/ST/STM32CubeCLT_1.17.0/GNU-tools-for-STM32/bin/../lib/gcc/arm-none-eabi/12.3.1/../../../../arm-none-eabi/lib/thumb/v6-m/nofp\libstdc++.a
LOAD C:/ST/STM32CubeCLT_1.17.0/GNU-tools-for-STM32/bin/../lib/gcc/arm-none-eabi/12.3.1/../../../../arm-none-eabi/lib/thumb/v6-m/nofp\libsupc++.a
END GROUP
LOAD CMakeFiles/blinky_bare_bare_metal.dir/Src/main.c.obj
LOAD CMakeFiles/blinky_bare_bare_metal.dir/Src/syscall.c.obj
LOAD CMakeFiles/blinky_bare_bare_metal.dir/Src/sysmem.c.obj
LOAD CMakeFiles/blinky_bare_bare_metal.dir/Startup/startup_stm32l432kcux.s.obj
START GROUP
LOAD C:/ST/STM32CubeCLT_1.17.0/GNU-tools-for-STM32/bin/../lib/gcc/arm-none-eabi/12.3.1/thumb/v6-m/nofp\libgcc.a
LOAD C:/ST/STM32CubeCLT_1.17.0/GNU-tools-for-STM32/bin/../lib/gcc/arm-none-eabi/12.3.1/../../../../arm-none-eabi/lib/thumb/v6-m/nofp\libg.a
LOAD C:/ST/STM32CubeCLT_1.17.0/GNU-tools-for-STM32/bin/../lib/gcc/arm-none-eabi/12.3.1/../../../../arm-none-eabi/lib/thumb/v6-m/nofp\libc.a
END GROUP
START GROUP
LOAD C:/ST/STM32CubeCLT_1.17.0/GNU-tools-for-STM32/bin/../lib/gcc/arm-none-eabi/12.3.1/thumb/v6-m/nofp\libgcc.a
LOAD C:/ST/STM32CubeCLT_1.17.0/GNU-tools-for-STM32/bin/../lib/gcc/arm-none-eabi/12.3.1/../../../../arm-none-eabi/lib/thumb/v6-m/nofp\libc.a
LOAD C:/ST/STM32CubeCLT_1.17.0/GNU-tools-for-STM32/bin/../lib/gcc/arm-none-eabi/12.3.1/../../../../arm-none-eabi/lib/thumb/v6-m/nofp\libnosys.a
END GROUP
LOAD C:/ST/STM32CubeCLT_1.17.0/GNU-tools-for-STM32/bin/../lib/gcc/arm-none-eabi/12.3.1/thumb/v6-m/nofp/crtend.o
LOAD C:/ST/STM32CubeCLT_1.17.0/GNU-tools-for-STM32/bin/../lib/gcc/arm-none-eabi/12.3.1/thumb/v6-m/nofp/crtn.o
                0x20010000                        _estack = (ORIGIN (RAM) + LENGTH (RAM))
                0x00000200                        _Min_Heap_Size = 0x200
                0x00000400                        _Min_Stack_Size = 0x400

.isr_vector     0x08000000      0x194
                0x08000000                        . = ALIGN (0x4)
 *(.isr_vector)
 .isr_vector    0x08000000      0x194 CMakeFiles/blinky_bare_bare_metal.dir/Startup/startup_stm32l432kcux.s.obj
                0x08000000                g_pfnVectors
                0x08000194                        . = ALIGN (0x4)

.text           0x08000194      0x22c
                0x08000194                        . = ALIGN (0x4)
 *(.text)
 .text          0x08000194       0x48 C:/ST/STM32CubeCLT_1.17.0/GNU-tools-for-STM32/bin/../lib/gcc/arm-none-eabi/12.3.1/thumb/v6-m/nofp/crtbegin.o
 *(.text*)
 .text.__libc_init_array
                0x080001dc       0x48 C:/ST/STM32CubeCLT_1.17.0/GNU-tools-for-STM32/bin/../lib/gcc/arm-none-eabi/12.3.1/../../../../arm-none-eabi/lib/thumb/v6-m/nofp\libc.a(libc_a-init.o)
                0x080001dc                __libc_init_array
 .text.__retarget_lock_acquire_recursive
                0x08000224        0x2 C:/ST/STM32CubeCLT_1.17.0/GNU-tools-for-STM32/bin/../lib/gcc/arm-none-eabi/12.3.1/../../../../arm-none-eabi/lib/thumb/v6-m/nofp\libc.a(libc_a-lock.o)
                0x08000224                __retarget_lock_acquire_recursive
 .text.__retarget_lock_release_recursive
                0x08000226        0x2 C:/ST/STM32CubeCLT_1.17.0/GNU-tools-for-STM32/bin/../lib/gcc/arm-none-eabi/12.3.1/../../../../arm-none-eabi/lib/thumb/v6-m/nofp\libc.a(libc_a-lock.o)
                0x08000226                __retarget_lock_release_recursive
 .text.startup.register_fini
                0x08000228       0x18 C:/ST/STM32CubeCLT_1.17.0/GNU-tools-for-STM32/bin/../lib/gcc/arm-none-eabi/12.3.1/../../../../arm-none-eabi/lib/thumb/v6-m/nofp\libc.a(libc_a-__call_atexit.o)
 .text.atexit   0x08000240       0x10 C:/ST/STM32CubeCLT_1.17.0/GNU-tools-for-STM32/bin/../lib/gcc/arm-none-eabi/12.3.1/../../../../arm-none-eabi/lib/thumb/v6-m/nofp\libc.a(libc_a-atexit.o)
                0x08000240                atexit
 .text.__libc_fini_array
                0x08000250       0x28 C:/ST/STM32CubeCLT_1.17.0/GNU-tools-for-STM32/bin/../lib/gcc/arm-none-eabi/12.3.1/../../../../arm-none-eabi/lib/thumb/v6-m/nofp\libc.a(libc_a-fini.o)
                0x08000250                __libc_fini_array
 .text.__register_exitproc
                0x08000278       0x80 C:/ST/STM32CubeCLT_1.17.0/GNU-tools-for-STM32/bin/../lib/gcc/arm-none-eabi/12.3.1/../../../../arm-none-eabi/lib/thumb/v6-m/nofp\libc.a(libc_a-__atexit.o)
                0x08000278                __register_exitproc
 .text.delay    0x080002f8       0x20 CMakeFiles/blinky_bare_bare_metal.dir/Src/main.c.obj
                0x080002f8                delay
 .text.main     0x08000318       0x3c CMakeFiles/blinky_bare_bare_metal.dir/Src/main.c.obj
                0x08000318                main
 .text.Reset_Handler
                0x08000354       0x50 CMakeFiles/blinky_bare_bare_metal.dir/Startup/startup_stm32l432kcux.s.obj
                0x08000354                Reset_Handler
 .text.Default_Handler
                0x080003a4        0x2 CMakeFiles/blinky_bare_bare_metal.dir/Startup/startup_stm32l432kcux.s.obj
                0x080003a4                EXTI2_IRQHandler
                0x080003a4                DMA1_CH4_IRQHandler
                0x080003a4                TIM1_CC_IRQHandler
                0x080003a4                TSC_IRQHandler
                0x080003a4                HardFault_Handler
                0x080003a4                SysTick_Handler
                0x080003a4                PendSV_Handler
                0x080003a4                NMI_Handler
                0x080003a4                EXTI3_IRQHandler
                0x080003a4                LPTIM2_IRQHandler
                0x080003a4                DFSDM1_FLT1_IRQHandler
                0x080003a4                USB_FS_IRQHandler
                0x080003a4                I2C3_ER_IRQHandler
                0x080003a4                DFSDM1_FLT2_IRQHandler
                0x080003a4                TIM6_DACUNDER_IRQHandler
                0x080003a4                EXTI0_IRQHandler
                0x080003a4                I2C2_EV_IRQHandler
                0x080003a4                DMA2_CH1_IRQHandler
                0x080003a4                CAN1_RX0_IRQHandler
                0x080003a4                TIM1_UP_TIM16_IRQHandler
                0x080003a4                DMA2_CH7_IRQHandler
                0x080003a4                UsageFault_Handler
                0x080003a4                SPI1_IRQHandler
                0x080003a4                DMA1_CH7_IRQHandler
                0x080003a4                RTC_ALARM_IRQHandler
                0x080003a4                ADC1_IRQHandler
                0x080003a4                DFSDM1_FLT3_IRQHandler
                0x080003a4                DMA1_CH6_IRQHandler
                0x080003a4                USART3_IRQHandler
                0x080003a4                CAN1_RX1_IRQHandler
                0x080003a4                LCD_IRQHandler
                0x080003a4                ADC3_IRQHandler
                0x080003a4                QUADSPI_IRQHandler
                0x080003a4                I2C1_EV_IRQHandler
                0x080003a4                DMA2_CH5_IRQHandler
                0x080003a4                UART4_IRQHandler
                0x080003a4                DMA1_CH3_IRQHandler
                0x080003a4                TIM3_IRQHandler
                0x080003a4                RCC_IRQHandler
                0x080003a4                TIM1_TRG_COM_IRQHandler
                0x080003a4                Default_Handler
                0x080003a4                EXTI15_10_IRQHandler
                0x080003a4                TIM7_IRQHandler
                0x080003a4                SDMMC1_IRQHandler
                0x080003a4                I2C3_EV_IRQHandler
                0x080003a4                EXTI9_5_IRQHandler
                0x080003a4                DMA1_CH2_IRQHandler
                0x080003a4                RTC_WKUP_IRQHandler
                0x080003a4                PVD_PVM_IRQHandler
                0x080003a4                SPI2_IRQHandler
                0x080003a4                DMA1_CH1_IRQHandler
                0x080003a4                MemManage_Handler
                0x080003a4                CAN1_TX_IRQHandler
                0x080003a4                SVC_Handler
                0x080003a4                CRS_IRQHandler
                0x080003a4                EXTI4_IRQHandler
                0x080003a4                RNG_IRQHandler
                0x080003a4                COMP_IRQHandler
                0x080003a4                WWDG_IRQHandler
                0x080003a4                I2C4_EV_IRQHandler
                0x080003a4                LPUART1_IRQHandler
                0x080003a4                TIM2_IRQHandler
                0x080003a4                EXTI1_IRQHandler
                0x080003a4                AES_IRQHandler
                0x080003a4                USART2_IRQHandler
                0x080003a4                DFSDM1_FLT0_IRQHandler
                0x080003a4                I2C2_ER_IRQHandler
                0x080003a4                CAN1_SCE_IRQHandler
                0x080003a4                FLASH_IRQHandler
                0x080003a4                BusFault_Handler
                0x080003a4                USART1_IRQHandler
                0x080003a4                SPI3_IRQHandler
                0x080003a4                DMA2_CH6_IRQHandler
                0x080003a4                DMA2_CH3_IRQHandler
                0x080003a4                DMA2_CH2_IRQHandler
                0x080003a4                I2C1_ER_IRQHandler
                0x080003a4                DMA1_CH5_IRQHandler
                0x080003a4                DMA2_CH4_IRQHandler
                0x080003a4                SWPMI1_IRQHandler
                0x080003a4                LPTIM1_IRQHandler
                0x080003a4                I2C4_ER_IRQHandler
                0x080003a4                RTC_TAMP_STAMP_IRQHandler
                0x080003a4                SAI1_IRQHandler
                0x080003a4                TIM1_BRK_TIM15_IRQHandler
 *(.glue_7)
 .glue_7        0x080003a6        0x0 linker stubs
 *(.glue_7t)
 .glue_7t       0x080003a6        0x0 linker stubs
 *(.eh_frame)
 *fill*         0x080003a6        0x2 
 .eh_frame      0x080003a8        0x0 C:/ST/STM32CubeCLT_1.17.0/GNU-tools-for-STM32/bin/../lib/gcc/arm-none-eabi/12.3.1/thumb/v6-m/nofp/crtbegin.o
 *(.init)
 .init          0x080003a8        0x4 C:/ST/STM32CubeCLT_1.17.0/GNU-tools-for-STM32/bin/../lib/gcc/arm-none-eabi/12.3.1/thumb/v6-m/nofp/crti.o
                0x080003a8                _init
 .init          0x080003ac        0x8 C:/ST/STM32CubeCLT_1.17.0/GNU-tools-for-STM32/bin/../lib/gcc/arm-none-eabi/12.3.1/thumb/v6-m/nofp/crtn.o
 *(.fini)
 .fini          0x080003b4        0x4 C:/ST/STM32CubeCLT_1.17.0/GNU-tools-for-STM32/bin/../lib/gcc/arm-none-eabi/12.3.1/thumb/v6-m/nofp/crti.o
                0x080003b4                _fini
 .fini          0x080003b8        0x8 C:/ST/STM32CubeCLT_1.17.0/GNU-tools-for-STM32/bin/../lib/gcc/arm-none-eabi/12.3.1/thumb/v6-m/nofp/crtn.o
                0x080003c0                        . = ALIGN (0x4)
                0x080003c0                        _etext = .

.vfp11_veneer   0x080003c0        0x0
 .vfp11_veneer  0x080003c0        0x0 linker stubs

.v4_bx          0x080003c0        0x0
 .v4_bx         0x080003c0        0x0 linker stubs

.iplt           0x080003c0        0x0
 .iplt          0x080003c0        0x0 C:/ST/STM32CubeCLT_1.17.0/GNU-tools-for-STM32/bin/../lib/gcc/arm-none-eabi/12.3.1/thumb/v6-m/nofp/crtbegin.o

.rodata         0x080003c0        0x0
                0x080003c0                        . = ALIGN (0x4)
 *(.rodata)
 *(.rodata*)
                0x080003c0                        . = ALIGN (0x4)

.ARM.extab      0x080003c0        0x0
                0x080003c0                        . = ALIGN (0x4)
 *(.ARM.extab* .gnu.linkonce.armextab.*)
                0x080003c0                        . = ALIGN (0x4)

.ARM            0x080003c0        0x0
                0x080003c0                        . = ALIGN (0x4)
                0x080003c0                        __exidx_start = .
 *(.ARM.exidx*)
                0x080003c0                        __exidx_end = .
                0x080003c0                        . = ALIGN (0x4)

.preinit_array  0x080003c0        0x0
                0x080003c0                        . = ALIGN (0x4)
                0x080003c0                        PROVIDE (__preinit_array_start = .)
 *(.preinit_array*)
                0x080003c0                        PROVIDE (__preinit_array_end = .)
                0x080003c0                        . = ALIGN (0x4)

.init_array     0x080003c0        0x8
                0x080003c0                        . = ALIGN (0x4)
                0x080003c0                        PROVIDE (__init_array_start = .)
 *(SORT_BY_NAME(.init_array.*))
 .init_array.00000
                0x080003c0        0x4 C:/ST/STM32CubeCLT_1.17.0/GNU-tools-for-STM32/bin/../lib/gcc/arm-none-eabi/12.3.1/../../../../arm-none-eabi/lib/thumb/v6-m/nofp\libc.a(libc_a-__call_atexit.o)
 *(.init_array*)
 .init_array    0x080003c4        0x4 C:/ST/STM32CubeCLT_1.17.0/GNU-tools-for-STM32/bin/../lib/gcc/arm-none-eabi/12.3.1/thumb/v6-m/nofp/crtbegin.o
                0x080003c8                        PROVIDE (__init_array_end = .)
                0x080003c8                        . = ALIGN (0x4)

.fini_array     0x080003c8        0x4
                0x080003c8                        . = ALIGN (0x4)
                0x080003c8                        PROVIDE (__fini_array_start = .)
 *(SORT_BY_NAME(.fini_array.*))
 *(.fini_array*)
 .fini_array    0x080003c8        0x4 C:/ST/STM32CubeCLT_1.17.0/GNU-tools-for-STM32/bin/../lib/gcc/arm-none-eabi/12.3.1/thumb/v6-m/nofp/crtbegin.o
                0x080003cc                        PROVIDE (__fini_array_end = .)
                0x080003cc                        . = ALIGN (0x4)
                0x080003cc                        _sidata = LOADADDR (.data)

.rel.dyn        0x080003cc        0x0
 .rel.iplt      0x080003cc        0x0 C:/ST/STM32CubeCLT_1.17.0/GNU-tools-for-STM32/bin/../lib/gcc/arm-none-eabi/12.3.1/thumb/v6-m/nofp/crtbegin.o

.data           0x20000000        0x4 load address 0x080003cc
                0x20000000                        . = ALIGN (0x4)
                0x20000000                        _sdata = .
 *(.data)
 *(.data*)
 .data.__atexit_recursive_mutex
                0x20000000        0x4 C:/ST/STM32CubeCLT_1.17.0/GNU-tools-for-STM32/bin/../lib/gcc/arm-none-eabi/12.3.1/../../../../arm-none-eabi/lib/thumb/v6-m/nofp\libc.a(libc_a-__call_atexit.o)
                0x20000000                __atexit_recursive_mutex
 *(.RamFunc)
 *(.RamFunc*)
                0x20000004                        . = ALIGN (0x4)
                0x20000004                        _edata = .

.igot.plt       0x20000004        0x0 load address 0x080003d0
 .igot.plt      0x20000004        0x0 C:/ST/STM32CubeCLT_1.17.0/GNU-tools-for-STM32/bin/../lib/gcc/arm-none-eabi/12.3.1/thumb/v6-m/nofp/crtbegin.o
                0x20000004                        . = ALIGN (0x4)

.bss            0x20000004      0x1b4 load address 0x080003d0
                0x20000004                        _sbss = .
                0x20000004                        __bss_start__ = _sbss
 *(.bss)
 .bss           0x20000004       0x1c C:/ST/STM32CubeCLT_1.17.0/GNU-tools-for-STM32/bin/../lib/gcc/arm-none-eabi/12.3.1/thumb/v6-m/nofp/crtbegin.o
 *(.bss*)
 .bss.__lock___atexit_recursive_mutex
                0x20000020        0x1 C:/ST/STM32CubeCLT_1.17.0/GNU-tools-for-STM32/bin/../lib/gcc/arm-none-eabi/12.3.1/../../../../arm-none-eabi/lib/thumb/v6-m/nofp\libc.a(libc_a-lock.o)
                0x20000020                __lock___atexit_recursive_mutex
 *fill*         0x20000021        0x3 
 .bss.__atexit  0x20000024        0x4 C:/ST/STM32CubeCLT_1.17.0/GNU-tools-for-STM32/bin/../lib/gcc/arm-none-eabi/12.3.1/../../../../arm-none-eabi/lib/thumb/v6-m/nofp\libc.a(libc_a-__call_atexit.o)
                0x20000024                __atexit
 .bss.__atexit0
                0x20000028      0x190 C:/ST/STM32CubeCLT_1.17.0/GNU-tools-for-STM32/bin/../lib/gcc/arm-none-eabi/12.3.1/../../../../arm-none-eabi/lib/thumb/v6-m/nofp\libc.a(libc_a-__atexit.o)
                0x20000028                __atexit0
 *(COMMON)
                0x200001b8                        . = ALIGN (0x4)
                0x200001b8                        _ebss = .
                0x200001b8                        __bss_end__ = _ebss

._user_heap_stack
                0x200001b8      0x600 load address 0x080003d0
                0x200001b8                        . = ALIGN (0x8)
                [!provide]                        PROVIDE (end = .)
                0x200001b8                        PROVIDE (_end = .)
                0x200003b8                        . = (. + _Min_Heap_Size)
 *fill*         0x200001b8      0x200 
                0x200007b8                        . = (. + _Min_Stack_Size)
 *fill*         0x200003b8      0x400 
                0x200007b8                        . = ALIGN (0x8)

/DISCARD/
 libc.a(*)
 libm.a(*)
 libgcc.a(*)

.ARM.attributes
                0x00000000       0x2d
 *(.ARM.attributes)
 .ARM.attributes
                0x00000000       0x1e C:/ST/STM32CubeCLT_1.17.0/GNU-tools-for-STM32/bin/../lib/gcc/arm-none-eabi/12.3.1/thumb/v6-m/nofp/crti.o
 .ARM.attributes
                0x0000001e       0x2c C:/ST/STM32CubeCLT_1.17.0/GNU-tools-for-STM32/bin/../lib/gcc/arm-none-eabi/12.3.1/thumb/v6-m/nofp/crtbegin.o
 .ARM.attributes
                0x0000004a       0x2c C:/ST/STM32CubeCLT_1.17.0/GNU-tools-for-STM32/bin/../lib/gcc/arm-none-eabi/12.3.1/../../../../arm-none-eabi/lib/thumb/v6-m/nofp\libc.a(libc_a-init.o)
 .ARM.attributes
                0x00000076       0x2c C:/ST/STM32CubeCLT_1.17.0/GNU-tools-for-STM32/bin/../lib/gcc/arm-none-eabi/12.3.1/../../../../arm-none-eabi/lib/thumb/v6-m/nofp\libc.a(libc_a-lock.o)
 .ARM.attributes
                0x000000a2       0x2c C:/ST/STM32CubeCLT_1.17.0/GNU-tools-for-STM32/bin/../lib/gcc/arm-none-eabi/12.3.1/../../../../arm-none-eabi/lib/thumb/v6-m/nofp\libc.a(libc_a-__call_atexit.o)
 .ARM.attributes
                0x000000ce       0x2c C:/ST/STM32CubeCLT_1.17.0/GNU-tools-for-STM32/bin/../lib/gcc/arm-none-eabi/12.3.1/../../../../arm-none-eabi/lib/thumb/v6-m/nofp\libc.a(libc_a-atexit.o)
 .ARM.attributes
                0x000000fa       0x2c C:/ST/STM32CubeCLT_1.17.0/GNU-tools-for-STM32/bin/../lib/gcc/arm-none-eabi/12.3.1/../../../../arm-none-eabi/lib/thumb/v6-m/nofp\libc.a(libc_a-fini.o)
 .ARM.attributes
                0x00000126       0x2c C:/ST/STM32CubeCLT_1.17.0/GNU-tools-for-STM32/bin/../lib/gcc/arm-none-eabi/12.3.1/../../../../arm-none-eabi/lib/thumb/v6-m/nofp\libc.a(libc_a-__atexit.o)
 .ARM.attributes
                0x00000152       0x2c CMakeFiles/blinky_bare_bare_metal.dir/Src/main.c.obj
 .ARM.attributes
                0x0000017e       0x21 CMakeFiles/blinky_bare_bare_metal.dir/Startup/startup_stm32l432kcux.s.obj
 .ARM.attributes
                0x0000019f       0x1e C:/ST/STM32CubeCLT_1.17.0/GNU-tools-for-STM32/bin/../lib/gcc/arm-none-eabi/12.3.1/thumb/v6-m/nofp/crtn.o
OUTPUT(blinky_bare_bare_metal.elf elf32-littlearm)
LOAD linker stubs
LOAD C:/ST/STM32CubeCLT_1.17.0/GNU-tools-for-STM32/bin/../lib/gcc/arm-none-eabi/12.3.1/../../../../arm-none-eabi/lib/thumb/v6-m/nofp\libc.a
LOAD C:/ST/STM32CubeCLT_1.17.0/GNU-tools-for-STM32/bin/../lib/gcc/arm-none-eabi/12.3.1/../../../../arm-none-eabi/lib/thumb/v6-m/nofp\libm.a
LOAD C:/ST/STM32CubeCLT_1.17.0/GNU-tools-for-STM32/bin/../lib/gcc/arm-none-eabi/12.3.1/thumb/v6-m/nofp\libgcc.a

.debug_frame    0x00000000      0x1ec
 .debug_frame   0x00000000       0x2c C:/ST/STM32CubeCLT_1.17.0/GNU-tools-for-STM32/bin/../lib/gcc/arm-none-eabi/12.3.1/../../../../arm-none-eabi/lib/thumb/v6-m/nofp\libc.a(libc_a-init.o)
 .debug_frame   0x0000002c       0xb0 C:/ST/STM32CubeCLT_1.17.0/GNU-tools-for-STM32/bin/../lib/gcc/arm-none-eabi/12.3.1/../../../../arm-none-eabi/lib/thumb/v6-m/nofp\libc.a(libc_a-lock.o)
 .debug_frame   0x000000dc       0x4c C:/ST/STM32CubeCLT_1.17.0/GNU-tools-for-STM32/bin/../lib/gcc/arm-none-eabi/12.3.1/../../../../arm-none-eabi/lib/thumb/v6-m/nofp\libc.a(libc_a-__call_atexit.o)
 .debug_frame   0x00000128       0x28 C:/ST/STM32CubeCLT_1.17.0/GNU-tools-for-STM32/bin/../lib/gcc/arm-none-eabi/12.3.1/../../../../arm-none-eabi/lib/thumb/v6-m/nofp\libc.a(libc_a-atexit.o)
 .debug_frame   0x00000150       0x2c C:/ST/STM32CubeCLT_1.17.0/GNU-tools-for-STM32/bin/../lib/gcc/arm-none-eabi/12.3.1/../../../../arm-none-eabi/lib/thumb/v6-m/nofp\libc.a(libc_a-fini.o)
 .debug_frame   0x0000017c       0x34 C:/ST/STM32CubeCLT_1.17.0/GNU-tools-for-STM32/bin/../lib/gcc/arm-none-eabi/12.3.1/../../../../arm-none-eabi/lib/thumb/v6-m/nofp\libc.a(libc_a-__atexit.o)
 .debug_frame   0x000001b0       0x3c CMakeFiles/blinky_bare_bare_metal.dir/Src/main.c.obj

.debug_info     0x00000000      0x10c
 .debug_info    0x00000000       0xdc CMakeFiles/blinky_bare_bare_metal.dir/Src/main.c.obj
 .debug_info    0x000000dc       0x30 CMakeFiles/blinky_bare_bare_metal.dir/Startup/startup_stm32l432kcux.s.obj

.debug_abbrev   0x00000000       0xbd
 .debug_abbrev  0x00000000       0x99 CMakeFiles/blinky_bare_bare_metal.dir/Src/main.c.obj
 .debug_abbrev  0x00000099       0x24 CMakeFiles/blinky_bare_bare_metal.dir/Startup/startup_stm32l432kcux.s.obj

.debug_aranges  0x00000000       0x50
 .debug_aranges
                0x00000000       0x28 CMakeFiles/blinky_bare_bare_metal.dir/Src/main.c.obj
 .debug_aranges
                0x00000028       0x28 CMakeFiles/blinky_bare_bare_metal.dir/Startup/startup_stm32l432kcux.s.obj

.debug_rnglists
                0x00000000       0x32
 .debug_rnglists
                0x00000000       0x19 CMakeFiles/blinky_bare_bare_metal.dir/Src/main.c.obj
 .debug_rnglists
                0x00000019       0x19 CMakeFiles/blinky_bare_bare_metal.dir/Startup/startup_stm32l432kcux.s.obj

.debug_macro    0x00000000      0xf2e
 .debug_macro   0x00000000       0x63 CMakeFiles/blinky_bare_bare_metal.dir/Src/main.c.obj
 .debug_macro   0x00000063      0xa7e CMakeFiles/blinky_bare_bare_metal.dir/Src/main.c.obj
 .debug_macro   0x00000ae1       0x22 CMakeFiles/blinky_bare_bare_metal.dir/Src/main.c.obj
 .debug_macro   0x00000b03       0x8e CMakeFiles/blinky_bare_bare_metal.dir/Src/main.c.obj
 .debug_macro   0x00000b91       0x51 CMakeFiles/blinky_bare_bare_metal.dir/Src/main.c.obj
 .debug_macro   0x00000be2      0x103 CMakeFiles/blinky_bare_bare_metal.dir/Src/main.c.obj
 .debug_macro   0x00000ce5       0x6a CMakeFiles/blinky_bare_bare_metal.dir/Src/main.c.obj
 .debug_macro   0x00000d4f      0x1df CMakeFiles/blinky_bare_bare_metal.dir/Src/main.c.obj

.debug_line     0x00000000      0x38c
 .debug_line    0x00000000      0x311 CMakeFiles/blinky_bare_bare_metal.dir/Src/main.c.obj
 .debug_line    0x00000311       0x7b CMakeFiles/blinky_bare_bare_metal.dir/Startup/startup_stm32l432kcux.s.obj

.debug_str      0x00000000     0x3b51
 .debug_str     0x00000000     0x3ad9 CMakeFiles/blinky_bare_bare_metal.dir/Src/main.c.obj
                               0x3c3d (size before relaxing)
 .debug_str     0x00003ad9       0x78 CMakeFiles/blinky_bare_bare_metal.dir/Startup/startup_stm32l432kcux.s.obj
                                 0xc0 (size before relaxing)

.comment        0x00000000       0x43
 .comment       0x00000000       0x43 CMakeFiles/blinky_bare_bare_metal.dir/Src/main.c.obj
                                 0x44 (size before relaxing)

.debug_line_str
                0x00000000       0xa4
 .debug_line_str
                0x00000000       0xa4 CMakeFiles/blinky_bare_bare_metal.dir/Startup/startup_stm32l432kcux.s.obj
